Archive member included because of file (symbol)

c:/program files (x86)/atmel/atmel toolchain/avr8 gcc/native/3.4.1061/avr8-gnu-toolchain/bin/../lib/gcc/avr/4.8.1/avrxmega7\libgcc.a(_udivmodsi4.o)
                              src/ASF/xmega/drivers/usart/usart.o (__udivmodsi4)
c:/program files (x86)/atmel/atmel toolchain/avr8 gcc/native/3.4.1061/avr8-gnu-toolchain/bin/../lib/gcc/avr/4.8.1/avrxmega7\libgcc.a(_exit.o)
                              c:/program files (x86)/atmel/atmel toolchain/avr8 gcc/native/3.4.1061/avr8-gnu-toolchain/bin/../lib/gcc/avr/4.8.1/../../../../avr/lib/avrxmega7/crtx128a1.o (exit)
c:/program files (x86)/atmel/atmel toolchain/avr8 gcc/native/3.4.1061/avr8-gnu-toolchain/bin/../lib/gcc/avr/4.8.1/avrxmega7\libgcc.a(_copy_data.o)
                              src/ASF/common/services/sleepmgr/xmega/sleepmgr.o (__do_copy_data)
c:/program files (x86)/atmel/atmel toolchain/avr8 gcc/native/3.4.1061/avr8-gnu-toolchain/bin/../lib/gcc/avr/4.8.1/avrxmega7\libgcc.a(_clear_bss.o)
                              src/ASF/common/services/sleepmgr/xmega/sleepmgr.o (__do_clear_bss)
c:/program files (x86)/atmel/atmel toolchain/avr8 gcc/native/3.4.1061/avr8-gnu-toolchain/bin/../lib/gcc/avr/4.8.1/../../../../avr/lib/avrxmega7\libc.a(memcpy.o)
                              src/ASF/xmega/drivers/nvm/nvm.o (memcpy)
c:/program files (x86)/atmel/atmel toolchain/avr8 gcc/native/3.4.1061/avr8-gnu-toolchain/bin/../lib/gcc/avr/4.8.1/../../../../avr/lib/avrxmega7\libc.a(fdevopen.o)
                              src/drivers/uart_comms.o (fdevopen)
c:/program files (x86)/atmel/atmel toolchain/avr8 gcc/native/3.4.1061/avr8-gnu-toolchain/bin/../lib/gcc/avr/4.8.1/../../../../avr/lib/avrxmega7\libc.a(iob.o)
                              c:/program files (x86)/atmel/atmel toolchain/avr8 gcc/native/3.4.1061/avr8-gnu-toolchain/bin/../lib/gcc/avr/4.8.1/../../../../avr/lib/avrxmega7\libc.a(fdevopen.o) (__iob)
c:/program files (x86)/atmel/atmel toolchain/avr8 gcc/native/3.4.1061/avr8-gnu-toolchain/bin/../lib/gcc/avr/4.8.1/../../../../avr/lib/avrxmega7\libc.a(calloc.o)
                              c:/program files (x86)/atmel/atmel toolchain/avr8 gcc/native/3.4.1061/avr8-gnu-toolchain/bin/../lib/gcc/avr/4.8.1/../../../../avr/lib/avrxmega7\libc.a(fdevopen.o) (calloc)
c:/program files (x86)/atmel/atmel toolchain/avr8 gcc/native/3.4.1061/avr8-gnu-toolchain/bin/../lib/gcc/avr/4.8.1/../../../../avr/lib/avrxmega7\libc.a(malloc.o)
                              c:/program files (x86)/atmel/atmel toolchain/avr8 gcc/native/3.4.1061/avr8-gnu-toolchain/bin/../lib/gcc/avr/4.8.1/../../../../avr/lib/avrxmega7\libc.a(calloc.o) (malloc)
c:/program files (x86)/atmel/atmel toolchain/avr8 gcc/native/3.4.1061/avr8-gnu-toolchain/bin/../lib/gcc/avr/4.8.1/../../../../avr/lib/avrxmega7\libc.a(memset.o)
                              c:/program files (x86)/atmel/atmel toolchain/avr8 gcc/native/3.4.1061/avr8-gnu-toolchain/bin/../lib/gcc/avr/4.8.1/../../../../avr/lib/avrxmega7\libc.a(calloc.o) (memset)

Allocating common symbols
Common symbol       size              file

lightChase          0x1               src/main.o
adcb_callback       0x2               src/ASF/xmega/drivers/adc/adc.o
ptr_get             0x2               src/ASF/common/utils/stdio/read.o
__brkval            0x2               c:/program files (x86)/atmel/atmel toolchain/avr8 gcc/native/3.4.1061/avr8-gnu-toolchain/bin/../lib/gcc/avr/4.8.1/../../../../avr/lib/avrxmega7\libc.a(malloc.o)
ptr_put             0x2               src/ASF/common/utils/stdio/write.o
stdio_base          0x2               src/ASF/common/utils/stdio/write.o
sleepmgr_locks      0x6               src/ASF/common/services/sleepmgr/xmega/sleepmgr.o
__flp               0x2               c:/program files (x86)/atmel/atmel toolchain/avr8 gcc/native/3.4.1061/avr8-gnu-toolchain/bin/../lib/gcc/avr/4.8.1/../../../../avr/lib/avrxmega7\libc.a(malloc.o)
__iob               0x6               c:/program files (x86)/atmel/atmel toolchain/avr8 gcc/native/3.4.1061/avr8-gnu-toolchain/bin/../lib/gcc/avr/4.8.1/../../../../avr/lib/avrxmega7\libc.a(iob.o)
adca_callback       0x2               src/ASF/xmega/drivers/adc/adc.o

Discarded input sections

 .data          0x00000000        0x0 c:/program files (x86)/atmel/atmel toolchain/avr8 gcc/native/3.4.1061/avr8-gnu-toolchain/bin/../lib/gcc/avr/4.8.1/../../../../avr/lib/avrxmega7/crtx128a1.o
 .bss           0x00000000        0x0 c:/program files (x86)/atmel/atmel toolchain/avr8 gcc/native/3.4.1061/avr8-gnu-toolchain/bin/../lib/gcc/avr/4.8.1/../../../../avr/lib/avrxmega7/crtx128a1.o
 .group         0x00000000        0x8 src/ASF/common/services/clock/xmega/sysclk.o
 .group         0x00000000        0x8 src/ASF/common/services/clock/xmega/sysclk.o
 .group         0x00000000        0x8 src/ASF/common/services/clock/xmega/sysclk.o
 .group         0x00000000        0x8 src/ASF/common/services/clock/xmega/sysclk.o
[...]
Memory Configuration

Name             Origin             Length             Attributes
text             0x00000000         0x00100000         xr
data             0x00802000         0x0000ffa0         rw !x
eeprom           0x00810000         0x00010000         rw !x
fuse             0x00820000         0x00000400         rw !x
lock             0x00830000         0x00000400         rw !x
signature        0x00840000         0x00000400         rw !x
user_signatures  0x00850000         0x00000400         rw !x
*default*        0x00000000         0xffffffff

Linker script and memory map

LOAD c:/program files (x86)/atmel/atmel toolchain/avr8 gcc/native/3.4.1061/avr8-gnu-toolchain/bin/../lib/gcc/avr/4.8.1/../../../../avr/lib/avrxmega7/crtx128a1.o
LOAD src/ASF/common/services/clock/xmega/sysclk.o
LOAD src/ASF/common/services/ioport/xmega/ioport_compat.o
LOAD src/ASF/common/services/serial/usart_serial.o
LOAD src/ASF/common/services/sleepmgr/xmega/sleepmgr.o
LOAD src/ASF/common/utils/stdio/read.o
LOAD src/ASF/common/utils/stdio/write.o
LOAD src/ASF/xmega/boards/xmega_a1_xplained/init.o
LOAD src/ASF/xmega/drivers/adc/adc.o
LOAD src/ASF/xmega/drivers/adc/xmega_aau/adc_aau.o
LOAD src/ASF/xmega/drivers/cpu/ccp.o
LOAD src/ASF/xmega/drivers/nvm/nvm.o
LOAD src/ASF/xmega/drivers/nvm/nvm_asm.o
LOAD src/ASF/xmega/drivers/usart/usart.o
LOAD src/drivers/ADC_init.o
LOAD src/drivers/timer_counter_init.o
LOAD src/drivers/uart_comms.o
LOAD src/main.o
START GROUP
LOAD c:/program files (x86)/atmel/atmel toolchain/avr8 gcc/native/3.4.1061/avr8-gnu-toolchain/bin/../lib/gcc/avr/4.8.1/../../../../avr/lib/avrxmega7\libm.a
END GROUP
Address of section .BOOT set to 0x20000
START GROUP
LOAD c:/program files (x86)/atmel/atmel toolchain/avr8 gcc/native/3.4.1061/avr8-gnu-toolchain/bin/../lib/gcc/avr/4.8.1/avrxmega7\libgcc.a
LOAD c:/program files (x86)/atmel/atmel toolchain/avr8 gcc/native/3.4.1061/avr8-gnu-toolchain/bin/../lib/gcc/avr/4.8.1/../../../../avr/lib/avrxmega7\libm.a
LOAD c:/program files (x86)/atmel/atmel toolchain/avr8 gcc/native/3.4.1061/avr8-gnu-toolchain/bin/../lib/gcc/avr/4.8.1/../../../../avr/lib/avrxmega7\libc.a
END GROUP

.hash
 *(.hash)

.dynsym
 *(.dynsym)

.dynstr
 *(.dynstr)

.gnu.version
 *(.gnu.version)

.gnu.version_d
 *(.gnu.version_d)

.gnu.version_r
 *(.gnu.version_r)

.rel.init
 *(.rel.init)

.rela.init
 *(.rela.init)

.rel.text
 *(.rel.text)
 *(.rel.text.*)
 *(.rel.gnu.linkonce.t*)

.rela.text
 *(.rela.text)
 *(.rela.text.*)
 *(.rela.gnu.linkonce.t*)

.rel.fini
 *(.rel.fini)

.rela.fini
 *(.rela.fini)

.rel.rodata
 *(.rel.rodata)
 *(.rel.rodata.*)
 *(.rel.gnu.linkonce.r*)

.rela.rodata
 *(.rela.rodata)
 *(.rela.rodata.*)
 *(.rela.gnu.linkonce.r*)

.rel.data
 *(.rel.data)
 *(.rel.data.*)
 *(.rel.gnu.linkonce.d*)

.rela.data
 *(.rela.data)
 *(.rela.data.*)
 *(.rela.gnu.linkonce.d*)

.rel.ctors
 *(.rel.ctors)

.rela.ctors
 *(.rela.ctors)

.rel.dtors
 *(.rel.dtors)

.rela.dtors
 *(.rela.dtors)

.rel.got
 *(.rel.got)

.rela.got
 *(.rela.got)

.rel.bss
 *(.rel.bss)

.rela.bss
 *(.rela.bss)

.rel.plt
 *(.rel.plt)

.rela.plt
 *(.rela.plt)

.text           0x00000000     0x12f0
 *(.vectors)
 .vectors       0x00000000      0x1f4 c:/program files (x86)/atmel/atmel toolchain/avr8 gcc/native/3.4.1061/avr8-gnu-toolchain/bin/../lib/gcc/avr/4.8.1/../../../../avr/lib/avrxmega7/crtx128a1.o
                0x00000000                __vector_default
                0x00000000                __vectors
 *(.vectors)
 *(.progmem.gcc*)
                0x000001f4                . = ALIGN (0x2)
                0x000001f4                __trampolines_start = .
 *(.trampolines)
 .trampolines   0x000001f4        0x0 linker stubs
 *(.trampolines*)
                0x000001f4                __trampolines_end = .
 *(.progmem*)
                0x000001f4                . = ALIGN (0x2)
 *(.jumptables)
 *(.jumptables*)
 *(.lowtext)
 *(.lowtext*)
                0x000001f4                __ctors_start = .
 *(.ctors)
                0x000001f4                __ctors_end = .
                0x000001f4                __dtors_start = .
 *(.dtors)
                0x000001f4                __dtors_end = .
 SORT(*)(.ctors)
 SORT(*)(.dtors)
 *(.init0)
 .init0         0x000001f4        0x0 c:/program files (x86)/atmel/atmel toolchain/avr8 gcc/native/3.4.1061/avr8-gnu-toolchain/bin/../lib/gcc/avr/4.8.1/../../../../avr/lib/avrxmega7/crtx128a1.o
                0x000001f4                __init
 *(.init0)
 *(.init1)
 *(.init1)
 *(.init2)
 .init2         0x000001f4       0x18 c:/program files (x86)/atmel/atmel toolchain/avr8 gcc/native/3.4.1061/avr8-gnu-toolchain/bin/../lib/gcc/avr/4.8.1/../../../../avr/lib/avrxmega7/crtx128a1.o
 *(.init2)
 *(.init3)
 *(.init3)
 *(.init4)
 .init4         0x0000020c       0x1c c:/program files (x86)/atmel/atmel toolchain/avr8 gcc/native/3.4.1061/avr8-gnu-toolchain/bin/../lib/gcc/avr/4.8.1/avrxmega7\libgcc.a(_copy_data.o)
                0x0000020c                __do_copy_data
 .init4         0x00000228       0x10 c:/program files (x86)/atmel/atmel toolchain/avr8 gcc/native/3.4.1061/avr8-gnu-toolchain/bin/../lib/gcc/avr/4.8.1/avrxmega7\libgcc.a(_clear_bss.o)
                0x00000228                __do_clear_bss
 *(.init4)
 *(.init5)
 *(.init5)
 *(.init6)
 *(.init6)
 *(.init7)
 *(.init7)
 *(.init8)
 *(.init8)
 *(.init9)
 .init9         0x00000238        0x6 c:/program files (x86)/atmel/atmel toolchain/avr8 gcc/native/3.4.1061/avr8-gnu-toolchain/bin/../lib/gcc/avr/4.8.1/../../../../avr/lib/avrxmega7/crtx128a1.o
 *(.init9)
 *(.text)
 .text          0x0000023e        0x2 c:/program files (x86)/atmel/atmel toolchain/avr8 gcc/native/3.4.1061/avr8-gnu-toolchain/bin/../lib/gcc/avr/4.8.1/../../../../avr/lib/avrxmega7/crtx128a1.o
                0x0000023e                __vector_38
                0x0000023e                __vector_104
                0x0000023e                __vector_22
                0x0000023e                __vector_63
                0x0000023e                __vector_28
                0x0000023e                __vector_67
                0x0000023e                __vector_1
                0x0000023e                __vector_119
                0x0000023e                __vector_32
                0x0000023e                __vector_75
                0x0000023e                __vector_91
                0x0000023e                __vector_34
                0x0000023e                __vector_62
                0x0000023e                __vector_77
                0x0000023e                __vector_102
                0x0000023e                __vector_24
                0x0000023e                __vector_12
                0x0000023e                __vector_55
                0x0000023e                __vector_69
                0x0000023e                __vector_81
                0x0000023e                __vector_90
                0x0000023e                __vector_46
                0x0000023e                __bad_interrupt
                0x0000023e                __vector_122
                0x0000023e                __vector_114
                0x0000023e                __vector_6
                0x0000023e                __vector_110
                0x0000023e                __vector_31
                0x0000023e                __vector_92
                0x0000023e                __vector_35
                0x0000023e                __vector_78
                0x0000023e                __vector_117
                0x0000023e                __vector_107
                0x0000023e                __vector_3
                0x0000023e                __vector_105
                0x0000023e                __vector_98
                0x0000023e                __vector_23
                0x0000023e                __vector_68
                0x0000023e                __vector_30
                0x0000023e                __vector_45
                0x0000023e                __vector_25
                0x0000023e                __vector_93
                0x0000023e                __vector_61
                0x0000023e                __vector_11
                0x0000023e                __vector_54
                0x0000023e                __vector_99
                0x0000023e                __vector_13
                0x0000023e                __vector_17
                0x0000023e                __vector_19
                0x0000023e                __vector_56
                0x0000023e                __vector_7
                0x0000023e                __vector_49
                0x0000023e                __vector_123
                0x0000023e                __vector_86
                0x0000023e                __vector_100
                0x0000023e                __vector_101
                0x0000023e                __vector_64
                0x0000023e                __vector_88
                0x0000023e                __vector_109
                0x0000023e                __vector_43
                0x0000023e                __vector_27
                0x0000023e                __vector_5
                0x0000023e                __vector_113
                0x0000023e                __vector_33
                0x0000023e                __vector_76
                0x0000023e                __vector_115
                0x0000023e                __vector_47
                0x0000023e                __vector_52
                0x0000023e                __vector_37
                0x0000023e                __vector_95
                0x0000023e                __vector_103
                0x0000023e                __vector_96
                0x0000023e                __vector_89
                0x0000023e                __vector_108
                0x0000023e                __vector_4
                0x0000023e                __vector_44
                0x0000023e                __vector_82
                0x0000023e                __vector_106
                0x0000023e                __vector_118
                0x0000023e                __vector_51
                0x0000023e                __vector_9
                0x0000023e                __vector_2
                0x0000023e                __vector_21
                0x0000023e                __vector_15
                0x0000023e                __vector_66
                0x0000023e                __vector_36
                0x0000023e                __vector_79
                0x0000023e                __vector_58
                0x0000023e                __vector_70
                0x0000023e                __vector_83
                0x0000023e                __vector_29
                0x0000023e                __vector_60
                0x0000023e                __vector_121
                0x0000023e                __vector_85
                0x0000023e                __vector_94
                0x0000023e                __vector_8
                0x0000023e                __vector_26
                0x0000023e                __vector_48
                0x0000023e                __vector_124
                0x0000023e                __vector_116
                0x0000023e                __vector_112
                0x0000023e                __vector_111
                0x0000023e                __vector_80
                0x0000023e                __vector_14
                0x0000023e                __vector_84
                0x0000023e                __vector_57
                0x0000023e                __vector_53
                0x0000023e                __vector_10
                0x0000023e                __vector_50
                0x0000023e                __vector_16
                0x0000023e                __vector_59
                0x0000023e                __vector_18
                0x0000023e                __vector_97
                0x0000023e                __vector_20
                0x0000023e                __vector_87
                0x0000023e                __vector_65
                0x0000023e                __vector_120
                0x00000240                . = ALIGN (0x2)
 *(.text.*)
 .text.sysclk_init
                0x00000240       0x4e src/ASF/common/services/clock/xmega/sysclk.o
                0x00000240                sysclk_init
 .text.sysclk_enable_module
                0x0000028e       0x18 src/ASF/common/services/clock/xmega/sysclk.o
                0x0000028e                sysclk_enable_module
 .text._read    0x000002a6       0x32 src/ASF/common/utils/stdio/read.o
                0x000002a6                _read
 .text._write   0x000002d8       0x24 src/ASF/common/utils/stdio/write.o
                0x000002d8                _write
 .text.__vector_71
                0x000002fc       0x7a src/ASF/xmega/drivers/adc/xmega_aau/adc_aau.o
                0x000002fc                __vector_71
 .text.__vector_72
                0x00000376       0x7a src/ASF/xmega/drivers/adc/xmega_aau/adc_aau.o
                0x00000376                __vector_72
 .text.__vector_73
                0x000003f0       0x7a src/ASF/xmega/drivers/adc/xmega_aau/adc_aau.o
                0x000003f0                __vector_73
 .text.__vector_74
                0x0000046a       0x7a src/ASF/xmega/drivers/adc/xmega_aau/adc_aau.o
                0x0000046a                __vector_74
 .text.__vector_39
                0x000004e4       0x7a src/ASF/xmega/drivers/adc/xmega_aau/adc_aau.o
                0x000004e4                __vector_39
 .text.__vector_40
                0x0000055e       0x7a src/ASF/xmega/drivers/adc/xmega_aau/adc_aau.o
                0x0000055e                __vector_40
 .text.__vector_41
                0x000005d8       0x7a src/ASF/xmega/drivers/adc/xmega_aau/adc_aau.o
                0x000005d8                __vector_41
 .text.__vector_42
                0x00000652       0x7a src/ASF/xmega/drivers/adc/xmega_aau/adc_aau.o
                0x00000652                __vector_42
 .text.ccp_write_io
                0x000006cc        0xc src/ASF/xmega/drivers/cpu/ccp.o
                0x000006cc                ccp_write_io
 .text.usart_putchar
                0x000006d8       0x10 src/ASF/xmega/drivers/usart/usart.o
                0x000006d8                usart_putchar
 .text.usart_getchar
                0x000006e8        0xc src/ASF/xmega/drivers/usart/usart.o
                0x000006e8                usart_getchar
 .text.usart_set_baudrate
                0x000006f4      0x20c src/ASF/xmega/drivers/usart/usart.o
                0x000006f4                usart_set_baudrate
 .text.usart_init_rs232
                0x00000900      0x2c8 src/ASF/xmega/drivers/usart/usart.o
                0x00000900                usart_init_rs232
 .text.usart_serial_getchar
                0x00000bc8       0x10 src/drivers/uart_comms.o
 .text.usart_serial_putchar
                0x00000bd8        0x4 src/drivers/uart_comms.o
 .text.UART_Comms_Init
                0x00000bdc       0x92 src/drivers/uart_comms.o
                0x00000bdc                UART_Comms_Init
 .text.sysclk_enable_peripheral_clock
                0x00000c6e      0x272 src/main.o
 .text.main     0x00000ee0       0xa4 src/main.o
                0x00000ee0                main
 .text.libgcc.div
                0x00000f84       0x44 c:/program files (x86)/atmel/atmel toolchain/avr8 gcc/native/3.4.1061/avr8-gnu-toolchain/bin/../lib/gcc/avr/4.8.1/avrxmega7\libgcc.a(_udivmodsi4.o)
                0x00000f84                __udivmodsi4
 .text.avr-libc
                0x00000fc8       0x94 c:/program files (x86)/atmel/atmel toolchain/avr8 gcc/native/3.4.1061/avr8-gnu-toolchain/bin/../lib/gcc/avr/4.8.1/../../../../avr/lib/avrxmega7\libc.a(fdevopen.o)
                0x00000fc8                fdevopen
 .text.avr-libc
                0x0000105c       0x34 c:/program files (x86)/atmel/atmel toolchain/avr8 gcc/native/3.4.1061/avr8-gnu-toolchain/bin/../lib/gcc/avr/4.8.1/../../../../avr/lib/avrxmega7\libc.a(calloc.o)
                0x0000105c                calloc
 .text.avr-libc
                0x00001090      0x24e c:/program files (x86)/atmel/atmel toolchain/avr8 gcc/native/3.4.1061/avr8-gnu-toolchain/bin/../lib/gcc/avr/4.8.1/../../../../avr/lib/avrxmega7\libc.a(malloc.o)
                0x00001090                malloc
                0x000011c0                free
 .text.avr-libc
                0x000012de        0xe c:/program files (x86)/atmel/atmel toolchain/avr8 gcc/native/3.4.1061/avr8-gnu-toolchain/bin/../lib/gcc/avr/4.8.1/../../../../avr/lib/avrxmega7\libc.a(memset.o)
                0x000012de                memset
                0x000012ec                . = ALIGN (0x2)
 *(.fini9)
 .fini9         0x000012ec        0x0 c:/program files (x86)/atmel/atmel toolchain/avr8 gcc/native/3.4.1061/avr8-gnu-toolchain/bin/../lib/gcc/avr/4.8.1/avrxmega7\libgcc.a(_exit.o)
                0x000012ec                _exit
                0x000012ec                exit
 *(.fini9)
 *(.fini8)
 *(.fini8)
 *(.fini7)
 *(.fini7)
 *(.fini6)
 *(.fini6)
 *(.fini5)
 *(.fini5)
 *(.fini4)
 *(.fini4)
 *(.fini3)
 *(.fini3)
 *(.fini2)
 *(.fini2)
 *(.fini1)
 *(.fini1)
 *(.fini0)
 .fini0         0x000012ec        0x4 c:/program files (x86)/atmel/atmel toolchain/avr8 gcc/native/3.4.1061/avr8-gnu-toolchain/bin/../lib/gcc/avr/4.8.1/avrxmega7\libgcc.a(_exit.o)
 *(.fini0)
                0x000012f0                _etext = .

.data           0x00802000        0xe load address 0x000012f0
                0x00802000                PROVIDE (__data_start, .)
 *(.data)
 .data          0x00802000        0x6 c:/program files (x86)/atmel/atmel toolchain/avr8 gcc/native/3.4.1061/avr8-gnu-toolchain/bin/../lib/gcc/avr/4.8.1/../../../../avr/lib/avrxmega7\libc.a(malloc.o)
                0x00802000                __malloc_heap_end
                0x00802002                __malloc_heap_start
                0x00802004                __malloc_margin
 *(.data*)
 .data.usart_options.5214
                0x00802006        0x7 src/drivers/uart_comms.o
 *(.rodata)
 *(.rodata*)
 *(.gnu.linkonce.d*)
                0x0080200e                . = ALIGN (0x2)
 *fill*         0x0080200d        0x1 
                0x0080200e                _edata = .
                0x0080200e                PROVIDE (__data_end, .)

.bss            0x0080200e       0x15
                0x0080200e                PROVIDE (__bss_start, .)
 *(.bss)
 *(.bss*)
 *(COMMON)
 COMMON         0x0080200e        0x2 src/ASF/common/utils/stdio/read.o
                0x0080200e                ptr_get
 COMMON         0x00802010        0x4 src/ASF/common/utils/stdio/write.o
                0x00802010                ptr_put
                0x00802012                stdio_base
 COMMON         0x00802014        0x4 src/ASF/xmega/drivers/adc/adc.o
                0x00802014                adcb_callback
                0x00802016                adca_callback
 COMMON         0x00802018        0x1 src/main.o
                0x00802018                lightChase
 COMMON         0x00802019        0x6 c:/program files (x86)/atmel/atmel toolchain/avr8 gcc/native/3.4.1061/avr8-gnu-toolchain/bin/../lib/gcc/avr/4.8.1/../../../../avr/lib/avrxmega7\libc.a(iob.o)
                0x00802019                __iob
 COMMON         0x0080201f        0x4 c:/program files (x86)/atmel/atmel toolchain/avr8 gcc/native/3.4.1061/avr8-gnu-toolchain/bin/../lib/gcc/avr/4.8.1/../../../../avr/lib/avrxmega7\libc.a(malloc.o)
                0x0080201f                __brkval
                0x00802021                __flp
                0x00802023                PROVIDE (__bss_end, .)
                0x000012f0                __data_load_start = LOADADDR (.data)
                0x000012fe                __data_load_end = (__data_load_start + SIZEOF (.data))

.noinit         0x00802023        0x0
                0x00802023                PROVIDE (__noinit_start, .)
 *(.noinit*)
                0x00802023                PROVIDE (__noinit_end, .)
                0x00802023                _end = .
                0x00802023                PROVIDE (__heap_start, .)

.eeprom         0x00810000        0x0
 *(.eeprom*)
                0x00810000                __eeprom_end = .

.fuse
 *(.fuse)
 *(.lfuse)
 *(.hfuse)
 *(.efuse)

.lock
 *(.lock*)

.signature
 *(.signature*)

.user_signatures
 *(.user_signatures*)

.stab
 *(.stab)

.stabstr
 *(.stabstr)

.stab.excl
 *(.stab.excl)

.stab.exclstr
 *(.stab.exclstr)

.stab.index
 *(.stab.index)

.stab.indexstr
 *(.stab.indexstr)

.comment        0x00000000       0x30
 *(.comment)
 .comment       0x00000000       0x30 src/ASF/common/services/clock/xmega/sysclk.o
                                 0x31 (size before relaxing)
 .comment       0x00000000       0x31 src/ASF/common/utils/stdio/read.o
 .comment       0x00000000       0x31 src/ASF/common/utils/stdio/write.o
 .comment       0x00000000       0x31 src/ASF/xmega/drivers/adc/adc.o
 .comment       0x00000000       0x31 src/ASF/xmega/drivers/adc/xmega_aau/adc_aau.o
 .comment       0x00000000       0x31 src/ASF/xmega/drivers/usart/usart.o
 .comment       0x00000000       0x31 src/drivers/uart_comms.o
 .comment       0x00000000       0x31 src/main.o
 .comment       0x00000000       0x31 c:/program files (x86)/atmel/atmel toolchain/avr8 gcc/native/3.4.1061/avr8-gnu-toolchain/bin/../lib/gcc/avr/4.8.1/../../../../avr/lib/avrxmega7\libc.a(fdevopen.o)
 .comment       0x00000000       0x31 c:/program files (x86)/atmel/atmel toolchain/avr8 gcc/native/3.4.1061/avr8-gnu-toolchain/bin/../lib/gcc/avr/4.8.1/../../../../avr/lib/avrxmega7\libc.a(iob.o)
 .comment       0x00000000       0x31 c:/program files (x86)/atmel/atmel toolchain/avr8 gcc/native/3.4.1061/avr8-gnu-toolchain/bin/../lib/gcc/avr/4.8.1/../../../../avr/lib/avrxmega7\libc.a(calloc.o)
 .comment       0x00000000       0x31 c:/program files (x86)/atmel/atmel toolchain/avr8 gcc/native/3.4.1061/avr8-gnu-toolchain/bin/../lib/gcc/avr/4.8.1/../../../../avr/lib/avrxmega7\libc.a(malloc.o)

.note.gnu.build-id
 *(.note.gnu.build-id)

.debug
 *(.debug)

.line
 *(.line)

.debug_srcinfo
 *(.debug_srcinfo)

.debug_sfnames
 *(.debug_sfnames)

.debug_aranges  0x00000000      0x200
 *(.debug_aranges)
 .debug_aranges
                0x00000000       0x30 src/ASF/common/services/clock/xmega/sysclk.o
 .debug_aranges
                0x00000030       0x20 src/ASF/common/utils/stdio/read.o
 .debug_aranges
                0x00000050       0x20 src/ASF/common/utils/stdio/write.o
 .debug_aranges
                0x00000070       0x48 src/ASF/xmega/drivers/adc/adc.o
 .debug_aranges
                0x000000b8       0x78 src/ASF/xmega/drivers/adc/xmega_aau/adc_aau.o
 .debug_aranges
                0x00000130       0x20 src/ASF/xmega/drivers/cpu/ccp.o
 .debug_aranges
                0x00000150       0x58 src/ASF/xmega/drivers/usart/usart.o
 .debug_aranges
                0x000001a8       0x30 src/drivers/uart_comms.o
 .debug_aranges
                0x000001d8       0x28 src/main.o

.debug_pubnames
 *(.debug_pubnames)

.debug_info     0x00000000     0x82b6
 *(.debug_info .gnu.linkonce.wi.*)
 .debug_info    0x00000000      0x67c src/ASF/common/services/clock/xmega/sysclk.o
 .debug_info    0x0000067c      0x119 src/ASF/common/utils/stdio/read.o
 .debug_info    0x00000795      0x119 src/ASF/common/utils/stdio/write.o
 .debug_info    0x000008ae      0xaa4 src/ASF/xmega/drivers/adc/adc.o
 .debug_info    0x00001352      0xe8c src/ASF/xmega/drivers/adc/xmega_aau/adc_aau.o
 .debug_info    0x000021de       0xa4 src/ASF/xmega/drivers/cpu/ccp.o
 .debug_info    0x00002282     0x328d src/ASF/xmega/drivers/usart/usart.o
 .debug_info    0x0000550f      0x860 src/drivers/uart_comms.o
 .debug_info    0x00005d6f     0x2547 src/main.o

.debug_abbrev   0x00000000     0x12d5
 *(.debug_abbrev)
 .debug_abbrev  0x00000000      0x25f src/ASF/common/services/clock/xmega/sysclk.o
 .debug_abbrev  0x0000025f       0xc5 src/ASF/common/utils/stdio/read.o
 .debug_abbrev  0x00000324       0xa7 src/ASF/common/utils/stdio/write.o
 .debug_abbrev  0x000003cb      0x2aa src/ASF/xmega/drivers/adc/adc.o
 .debug_abbrev  0x00000675      0x32a src/ASF/xmega/drivers/adc/xmega_aau/adc_aau.o
 .debug_abbrev  0x0000099f       0x14 src/ASF/xmega/drivers/cpu/ccp.o
 .debug_abbrev  0x000009b3      0x3e8 src/ASF/xmega/drivers/usart/usart.o
 .debug_abbrev  0x00000d9b      0x2a2 src/drivers/uart_comms.o
 .debug_abbrev  0x0000103d      0x298 src/main.o

.debug_line     0x00000000     0x3f9c
 *(.debug_line .debug_line.* .debug_line_end)
 .debug_line    0x00000000      0x582 src/ASF/common/services/clock/xmega/sysclk.o
 .debug_line    0x00000582      0x3ad src/ASF/common/utils/stdio/read.o
 .debug_line    0x0000092f      0x3b4 src/ASF/common/utils/stdio/write.o
 .debug_line    0x00000ce3      0x75c src/ASF/xmega/drivers/adc/adc.o
 .debug_line    0x0000143f      0x944 src/ASF/xmega/drivers/adc/xmega_aau/adc_aau.o
 .debug_line    0x00001d83       0x6e src/ASF/xmega/drivers/cpu/ccp.o
 .debug_line    0x00001df1      0xd3f src/ASF/xmega/drivers/usart/usart.o
 .debug_line    0x00002b30      0x948 src/drivers/uart_comms.o
 .debug_line    0x00003478      0xb24 src/main.o

.debug_frame    0x00000000      0x6a0
 *(.debug_frame)
 .debug_frame   0x00000000       0x44 src/ASF/common/services/clock/xmega/sysclk.o
 .debug_frame   0x00000044       0x34 src/ASF/common/utils/stdio/read.o
 .debug_frame   0x00000078       0x24 src/ASF/common/utils/stdio/write.o
 .debug_frame   0x0000009c       0x8c src/ASF/xmega/drivers/adc/adc.o
 .debug_frame   0x00000128      0x3a4 src/ASF/xmega/drivers/adc/xmega_aau/adc_aau.o
 .debug_frame   0x000004cc      0x140 src/ASF/xmega/drivers/usart/usart.o
 .debug_frame   0x0000060c       0x60 src/drivers/uart_comms.o
 .debug_frame   0x0000066c       0x34 src/main.o

.debug_str      0x00000000    0x297ea
 *(.debug_str)
 .debug_str     0x00000000    0x26359 src/ASF/common/services/clock/xmega/sysclk.o
                              0x26b9e (size before relaxing)
 .debug_str     0x00026359       0x3e src/ASF/common/utils/stdio/read.o
                              0x24dd4 (size before relaxing)
 .debug_str     0x00026397       0x35 src/ASF/common/utils/stdio/write.o
                              0x24dd6 (size before relaxing)
 .debug_str     0x000263cc      0xdea src/ASF/xmega/drivers/adc/adc.o
                              0x27696 (size before relaxing)
 .debug_str     0x000271b6      0x4d3 src/ASF/xmega/drivers/adc/xmega_aau/adc_aau.o
                              0x27849 (size before relaxing)
 .debug_str     0x00027689     0x146f src/ASF/xmega/drivers/usart/usart.o
                              0x280f9 (size before relaxing)
 .debug_str     0x00028af8      0xca2 src/drivers/uart_comms.o
                              0x28959 (size before relaxing)
 .debug_str     0x0002979a       0x50 src/main.o
                              0x29002 (size before relaxing)

.debug_loc      0x00000000     0x28a6
 *(.debug_loc)
 .debug_loc     0x00000000      0x19b src/ASF/common/services/clock/xmega/sysclk.o
 .debug_loc     0x0000019b       0x6e src/ASF/common/utils/stdio/read.o
 .debug_loc     0x00000209       0x52 src/ASF/common/utils/stdio/write.o
 .debug_loc     0x0000025b      0x216 src/ASF/xmega/drivers/adc/adc.o
 .debug_loc     0x00000471      0xd75 src/ASF/xmega/drivers/adc/xmega_aau/adc_aau.o
 .debug_loc     0x000011e6      0xfd3 src/ASF/xmega/drivers/usart/usart.o
 .debug_loc     0x000021b9      0x119 src/drivers/uart_comms.o
 .debug_loc     0x000022d2      0x5d4 src/main.o

.debug_macinfo
 *(.debug_macinfo)

.debug_weaknames
 *(.debug_weaknames)

.debug_funcnames
 *(.debug_funcnames)

.debug_typenames
 *(.debug_typenames)

.debug_varnames
 *(.debug_varnames)

.debug_pubtypes
 *(.debug_pubtypes)

.debug_ranges   0x00000000      0x1b0
 *(.debug_ranges)
 .debug_ranges  0x00000000       0x20 src/ASF/common/services/clock/xmega/sysclk.o
 .debug_ranges  0x00000020       0x10 src/ASF/common/utils/stdio/read.o
 .debug_ranges  0x00000030       0x10 src/ASF/common/utils/stdio/write.o
 .debug_ranges  0x00000040       0x38 src/ASF/xmega/drivers/adc/adc.o
 .debug_ranges  0x00000078       0x68 src/ASF/xmega/drivers/adc/xmega_aau/adc_aau.o
 .debug_ranges  0x000000e0       0x80 src/ASF/xmega/drivers/usart/usart.o
 .debug_ranges  0x00000160       0x20 src/drivers/uart_comms.o
 .debug_ranges  0x00000180       0x30 src/main.o

.debug_macro    0x00000000     0x9522
 *(.debug_macro)
 .debug_macro   0x00000000      0x1d2 src/ASF/common/services/clock/xmega/sysclk.o
 .debug_macro   0x000001d2      0xa72 src/ASF/common/services/clock/xmega/sysclk.o
 .debug_macro   0x00000c44       0x10 src/ASF/common/services/clock/xmega/sysclk.o
 .debug_macro   0x00000c54      0x1ad src/ASF/common/services/clock/xmega/sysclk.o
 .debug_macro   0x00000e01      0x293 src/ASF/common/services/clock/xmega/sysclk.o
 .debug_macro   0x00001094       0x9e src/ASF/common/services/clock/xmega/sysclk.o
 .debug_macro   0x00001132     0x5272 src/ASF/common/services/clock/xmega/sysclk.o
 .debug_macro   0x000063a4       0x9a src/ASF/common/services/clock/xmega/sysclk.o
 .debug_macro   0x0000643e       0xf1 src/ASF/common/services/clock/xmega/sysclk.o
 .debug_macro   0x0000652f       0x34 src/ASF/common/services/clock/xmega/sysclk.o
 .debug_macro   0x00006563       0x10 src/ASF/common/services/clock/xmega/sysclk.o
 .debug_macro   0x00006573       0x18 src/ASF/common/services/clock/xmega/sysclk.o
 .debug_macro   0x0000658b       0x5e src/ASF/common/services/clock/xmega/sysclk.o
 .debug_macro   0x000065e9       0x10 src/ASF/common/services/clock/xmega/sysclk.o
 .debug_macro   0x000065f9       0x22 src/ASF/common/services/clock/xmega/sysclk.o
 .debug_macro   0x0000661b      0x166 src/ASF/common/services/clock/xmega/sysclk.o
 .debug_macro   0x00006781       0x1c src/ASF/common/services/clock/xmega/sysclk.o
 .debug_macro   0x0000679d       0x35 src/ASF/common/services/clock/xmega/sysclk.o
 .debug_macro   0x000067d2       0x66 src/ASF/common/services/clock/xmega/sysclk.o
 .debug_macro   0x00006838      0x621 src/ASF/common/services/clock/xmega/sysclk.o
 .debug_macro   0x00006e59       0x97 src/ASF/common/services/clock/xmega/sysclk.o
 .debug_macro   0x00006ef0       0x17 src/ASF/common/services/clock/xmega/sysclk.o
 .debug_macro   0x00006f07      0x250 src/ASF/common/services/clock/xmega/sysclk.o
 .debug_macro   0x00007157       0x76 src/ASF/common/services/clock/xmega/sysclk.o
 .debug_macro   0x000071cd       0x16 src/ASF/common/services/clock/xmega/sysclk.o
 .debug_macro   0x000071e3      0x6e3 src/ASF/common/services/clock/xmega/sysclk.o
 .debug_macro   0x000078c6       0x10 src/ASF/common/services/clock/xmega/sysclk.o
 .debug_macro   0x000078d6      0x175 src/ASF/common/services/clock/xmega/sysclk.o
 .debug_macro   0x00007a4b       0x40 src/ASF/common/services/clock/xmega/sysclk.o
 .debug_macro   0x00007a8b       0x69 src/ASF/common/services/clock/xmega/sysclk.o
 .debug_macro   0x00007af4       0x32 src/ASF/common/services/clock/xmega/sysclk.o
 .debug_macro   0x00007b26       0xe4 src/ASF/common/services/clock/xmega/sysclk.o
 .debug_macro   0x00007c0a       0x1c src/ASF/common/services/clock/xmega/sysclk.o
 .debug_macro   0x00007c26      0x279 src/ASF/common/services/clock/xmega/sysclk.o
 .debug_macro   0x00007e9f      0x17c src/ASF/common/services/clock/xmega/sysclk.o
 .debug_macro   0x0000801b       0x82 src/ASF/common/services/clock/xmega/sysclk.o
 .debug_macro   0x0000809d       0x2f src/ASF/common/services/clock/xmega/sysclk.o
 .debug_macro   0x000080cc      0x13f src/ASF/common/services/clock/xmega/sysclk.o
 .debug_macro   0x0000820b      0x16d src/ASF/common/utils/stdio/read.o
 .debug_macro   0x00008378      0x16d src/ASF/common/utils/stdio/write.o
 .debug_macro   0x000084e5      0x22f src/ASF/xmega/drivers/adc/adc.o
 .debug_macro   0x00008714       0x10 src/ASF/xmega/drivers/adc/adc.o
 .debug_macro   0x00008724       0x20 src/ASF/xmega/drivers/adc/adc.o
 .debug_macro   0x00008744       0xbb src/ASF/xmega/drivers/adc/adc.o
 .debug_macro   0x000087ff      0x22f src/ASF/xmega/drivers/adc/xmega_aau/adc_aau.o
 .debug_macro   0x00008a2e      0x221 src/ASF/xmega/drivers/usart/usart.o
 .debug_macro   0x00008c4f      0x299 src/ASF/xmega/drivers/usart/usart.o
 .debug_macro   0x00008ee8      0x31a src/drivers/uart_comms.o
 .debug_macro   0x00009202      0x320 src/main.o
OUTPUT(TEAM2 ONE MONTH CODE.elf elf32-avr)
LOAD linker stubs

.BOOT           0x00020000        0x0
