Archive member included to satisfy reference by file (symbol)

c:/program files (x86)/atmel/studio/7.0/toolchain/avr8/avr8-gnu-toolchain/bin/../lib/gcc/avr/4.9.2/../../../../avr/lib/avrxmega7\libm.a(addsf3.o)
                              src/Calculations/Altitude/getAltitude.o (__subsf3)
c:/program files (x86)/atmel/studio/7.0/toolchain/avr8/avr8-gnu-toolchain/bin/../lib/gcc/avr/4.9.2/../../../../avr/lib/avrxmega7\libm.a(addsf3x.o)
                              c:/program files (x86)/atmel/studio/7.0/toolchain/avr8/avr8-gnu-toolchain/bin/../lib/gcc/avr/4.9.2/../../../../avr/lib/avrxmega7\libm.a(addsf3.o) (__addsf3x)
c:/program files (x86)/atmel/studio/7.0/toolchain/avr8/avr8-gnu-toolchain/bin/../lib/gcc/avr/4.9.2/../../../../avr/lib/avrxmega7\libm.a(cmpsf2.o)
                              src/main.o (__ltsf2)
c:/program files (x86)/atmel/studio/7.0/toolchain/avr8/avr8-gnu-toolchain/bin/../lib/gcc/avr/4.9.2/../../../../avr/lib/avrxmega7\libm.a(divsf3.o)
                              src/Calculations/Altitude/getAltitude.o (__divsf3)
c:/program files (x86)/atmel/studio/7.0/toolchain/avr8/avr8-gnu-toolchain/bin/../lib/gcc/avr/4.9.2/../../../../avr/lib/avrxmega7\libm.a(divsf3x.o)
                              c:/program files (x86)/atmel/studio/7.0/toolchain/avr8/avr8-gnu-toolchain/bin/../lib/gcc/avr/4.9.2/../../../../avr/lib/avrxmega7\libm.a(divsf3.o) (__divsf3x)
c:/program files (x86)/atmel/studio/7.0/toolchain/avr8/avr8-gnu-toolchain/bin/../lib/gcc/avr/4.9.2/../../../../avr/lib/avrxmega7\libm.a(fixsfdi.o)
                              src/test/testClass.o (__fixunssfdi)
c:/program files (x86)/atmel/studio/7.0/toolchain/avr8/avr8-gnu-toolchain/bin/../lib/gcc/avr/4.9.2/../../../../avr/lib/avrxmega7\libm.a(fixunssfsi.o)
                              src/test/testClass.o (__fixunssfsi)
c:/program files (x86)/atmel/studio/7.0/toolchain/avr8/avr8-gnu-toolchain/bin/../lib/gcc/avr/4.9.2/../../../../avr/lib/avrxmega7\libm.a(floatsisf.o)
                              src/test/testClass.o (__floatunsisf)
c:/program files (x86)/atmel/studio/7.0/toolchain/avr8/avr8-gnu-toolchain/bin/../lib/gcc/avr/4.9.2/../../../../avr/lib/avrxmega7\libm.a(floatundisf.o)
                              src/test/testClass.o (__floatundisf)
c:/program files (x86)/atmel/studio/7.0/toolchain/avr8/avr8-gnu-toolchain/bin/../lib/gcc/avr/4.9.2/../../../../avr/lib/avrxmega7\libm.a(fp_cmp.o)
                              c:/program files (x86)/atmel/studio/7.0/toolchain/avr8/avr8-gnu-toolchain/bin/../lib/gcc/avr/4.9.2/../../../../avr/lib/avrxmega7\libm.a(cmpsf2.o) (__fp_cmp)
c:/program files (x86)/atmel/studio/7.0/toolchain/avr8/avr8-gnu-toolchain/bin/../lib/gcc/avr/4.9.2/../../../../avr/lib/avrxmega7\libm.a(fp_inf.o)
                              c:/program files (x86)/atmel/studio/7.0/toolchain/avr8/avr8-gnu-toolchain/bin/../lib/gcc/avr/4.9.2/../../../../avr/lib/avrxmega7\libm.a(addsf3x.o) (__fp_inf)
c:/program files (x86)/atmel/studio/7.0/toolchain/avr8/avr8-gnu-toolchain/bin/../lib/gcc/avr/4.9.2/../../../../avr/lib/avrxmega7\libm.a(fp_nan.o)
                              c:/program files (x86)/atmel/studio/7.0/toolchain/avr8/avr8-gnu-toolchain/bin/../lib/gcc/avr/4.9.2/../../../../avr/lib/avrxmega7\libm.a(addsf3x.o) (__fp_nan)
c:/program files (x86)/atmel/studio/7.0/toolchain/avr8/avr8-gnu-toolchain/bin/../lib/gcc/avr/4.9.2/../../../../avr/lib/avrxmega7\libm.a(fp_negdi.o)
                              c:/program files (x86)/atmel/studio/7.0/toolchain/avr8/avr8-gnu-toolchain/bin/../lib/gcc/avr/4.9.2/../../../../avr/lib/avrxmega7\libm.a(fixsfdi.o) (__fp_negdi)
c:/program files (x86)/atmel/studio/7.0/toolchain/avr8/avr8-gnu-toolchain/bin/../lib/gcc/avr/4.9.2/../../../../avr/lib/avrxmega7\libm.a(fp_pscA.o)
                              c:/program files (x86)/atmel/studio/7.0/toolchain/avr8/avr8-gnu-toolchain/bin/../lib/gcc/avr/4.9.2/../../../../avr/lib/avrxmega7\libm.a(addsf3x.o) (__fp_pscA)
c:/program files (x86)/atmel/studio/7.0/toolchain/avr8/avr8-gnu-toolchain/bin/../lib/gcc/avr/4.9.2/../../../../avr/lib/avrxmega7\libm.a(fp_pscB.o)
                              c:/program files (x86)/atmel/studio/7.0/toolchain/avr8/avr8-gnu-toolchain/bin/../lib/gcc/avr/4.9.2/../../../../avr/lib/avrxmega7\libm.a(addsf3x.o) (__fp_pscB)
c:/program files (x86)/atmel/studio/7.0/toolchain/avr8/avr8-gnu-toolchain/bin/../lib/gcc/avr/4.9.2/../../../../avr/lib/avrxmega7\libm.a(fp_round.o)
                              c:/program files (x86)/atmel/studio/7.0/toolchain/avr8/avr8-gnu-toolchain/bin/../lib/gcc/avr/4.9.2/../../../../avr/lib/avrxmega7\libm.a(addsf3.o) (__fp_round)
c:/program files (x86)/atmel/studio/7.0/toolchain/avr8/avr8-gnu-toolchain/bin/../lib/gcc/avr/4.9.2/../../../../avr/lib/avrxmega7\libm.a(fp_split3.o)
                              c:/program files (x86)/atmel/studio/7.0/toolchain/avr8/avr8-gnu-toolchain/bin/../lib/gcc/avr/4.9.2/../../../../avr/lib/avrxmega7\libm.a(addsf3x.o) (__fp_split3)
[...]
Memory Configuration

Name             Origin             Length             Attributes
text             0x00000000         0x00100000         xr
data             0x00802000         0x0000ffa0         rw !x
eeprom           0x00810000         0x00010000         rw !x
fuse             0x00820000         0x00000400         rw !x
lock             0x00830000         0x00000400         rw !x
signature        0x00840000         0x00000400         rw !x
user_signatures  0x00850000         0x00000400         rw !x
*default*        0x00000000         0xffffffff

Linker script and memory map

LOAD C:/Program Files (x86)/Atmel/Studio/7.0/Packs/atmel/XMEGAA_DFP/1.0.39/gcc/dev/atxmega128a1/avrxmega7/crtatxmega128a1.o
LOAD src/Calculations/Altitude/getAltitude.o
LOAD src/Calculations/Velocity/getVelocity.o
LOAD src/drivers/SPI/SPI_driver.o
LOAD src/test/testClass.o
LOAD src/ASF/common/services/clock/xmega/sysclk.o
LOAD src/ASF/common/services/ioport/xmega/ioport_compat.o
LOAD src/ASF/common/services/serial/usart_serial.o
LOAD src/ASF/common/services/sleepmgr/xmega/sleepmgr.o
LOAD src/ASF/common/utils/stdio/read.o
LOAD src/ASF/common/utils/stdio/write.o
LOAD src/ASF/xmega/boards/xmega_a1_xplained/init.o
LOAD src/ASF/xmega/drivers/adc/adc.o
LOAD src/ASF/xmega/drivers/adc/xmega_aau/adc_aau.o
LOAD src/ASF/xmega/drivers/cpu/ccp.o
LOAD src/ASF/xmega/drivers/nvm/nvm.o
LOAD src/ASF/xmega/drivers/nvm/nvm_asm.o
LOAD src/ASF/xmega/drivers/usart/usart.o
LOAD src/drivers/ADC/ADC_init.o
LOAD src/drivers/Pressure/getPressure.o
LOAD src/drivers/Temperature/getTemperature.o
LOAD src/drivers/timerCounter/timer_counter_init.o
LOAD src/drivers/uart/uart_comms.o
LOAD src/main.o
START GROUP
LOAD c:/program files (x86)/atmel/studio/7.0/toolchain/avr8/avr8-gnu-toolchain/bin/../lib/gcc/avr/4.9.2/../../../../avr/lib/avrxmega7\libm.a
END GROUP
Address of section .BOOT set to 0x20000
START GROUP
LOAD c:/program files (x86)/atmel/studio/7.0/toolchain/avr8/avr8-gnu-toolchain/bin/../lib/gcc/avr/4.9.2/avrxmega7\libgcc.a
LOAD c:/program files (x86)/atmel/studio/7.0/toolchain/avr8/avr8-gnu-toolchain/bin/../lib/gcc/avr/4.9.2/../../../../avr/lib/avrxmega7\libm.a
LOAD c:/program files (x86)/atmel/studio/7.0/toolchain/avr8/avr8-gnu-toolchain/bin/../lib/gcc/avr/4.9.2/../../../../avr/lib/avrxmega7\libc.a
LOAD C:/Program Files (x86)/Atmel/Studio/7.0/Packs/atmel/XMEGAA_DFP/1.0.39/gcc/dev/atxmega128a1/avrxmega7\libatxmega128a1.a
END GROUP
                0x00100000                __TEXT_REGION_LENGTH__ = DEFINED (__TEXT_REGION_LENGTH__)?__TEXT_REGION_LENGTH__:0x100000
                0x0000ffa0                __DATA_REGION_LENGTH__ = DEFINED (__DATA_REGION_LENGTH__)?__DATA_REGION_LENGTH__:0xffa0
                0x00010000                __EEPROM_REGION_LENGTH__ = DEFINED (__EEPROM_REGION_LENGTH__)?__EEPROM_REGION_LENGTH__:0x10000
                0x00000400                __FUSE_REGION_LENGTH__ = DEFINED (__FUSE_REGION_LENGTH__)?__FUSE_REGION_LENGTH__:0x400
                0x00000400                __LOCK_REGION_LENGTH__ = DEFINED (__LOCK_REGION_LENGTH__)?__LOCK_REGION_LENGTH__:0x400
                0x00000400                __SIGNATURE_REGION_LENGTH__ = DEFINED (__SIGNATURE_REGION_LENGTH__)?__SIGNATURE_REGION_LENGTH__:0x400
                0x00000400                __USER_SIGNATURE_REGION_LENGTH__ = DEFINED (__USER_SIGNATURE_REGION_LENGTH__)?__USER_SIGNATURE_REGION_LENGTH__:0x400

.hash
 *(.hash)

.dynsym
 *(.dynsym)

.dynstr
 *(.dynstr)

.gnu.version
 *(.gnu.version)

.gnu.version_d
 *(.gnu.version_d)

.gnu.version_r
 *(.gnu.version_r)

.rel.init
 *(.rel.init)

.rela.init
 *(.rela.init)

.rel.text
 *(.rel.text)
 *(.rel.text.*)
 *(.rel.gnu.linkonce.t*)

.rela.text
 *(.rela.text)
 *(.rela.text.*)
 *(.rela.gnu.linkonce.t*)

.rel.fini
 *(.rel.fini)

.rela.fini
 *(.rela.fini)

.rel.rodata
 *(.rel.rodata)
 *(.rel.rodata.*)
 *(.rel.gnu.linkonce.r*)

.rela.rodata
 *(.rela.rodata)
 *(.rela.rodata.*)
 *(.rela.gnu.linkonce.r*)

.rel.data
 *(.rel.data)
 *(.rel.data.*)
 *(.rel.gnu.linkonce.d*)

.rela.data
 *(.rela.data)
 *(.rela.data.*)
 *(.rela.gnu.linkonce.d*)

.rel.ctors
 *(.rel.ctors)

.rela.ctors
 *(.rela.ctors)

.rel.dtors
 *(.rel.dtors)

.rela.dtors
 *(.rela.dtors)

.rel.got
 *(.rel.got)

.rela.got
 *(.rela.got)

.rel.bss
 *(.rel.bss)

.rela.bss
 *(.rela.bss)

.rel.plt
 *(.rel.plt)

.rela.plt
 *(.rela.plt)

.text           0x00000000     0x2646
 *(.vectors)
 .vectors       0x00000000      0x1f4 C:/Program Files (x86)/Atmel/Studio/7.0/Packs/atmel/XMEGAA_DFP/1.0.39/gcc/dev/atxmega128a1/avrxmega7/crtatxmega128a1.o
                0x00000000                __vector_default
                0x00000000                __vectors
 *(.vectors)
 *(.progmem.gcc*)
 .progmem.gcc_fplib
                0x000001f4       0x5a c:/program files (x86)/atmel/studio/7.0/toolchain/avr8/avr8-gnu-toolchain/bin/../lib/gcc/avr/4.9.2/../../../../avr/lib/avrxmega7\libm.a(log.o)
 .progmem.gcc_fplib
                0x0000024e       0x28 c:/program files (x86)/atmel/studio/7.0/toolchain/avr8/avr8-gnu-toolchain/bin/../lib/gcc/avr/4.9.2/../../../../avr/lib/avrxmega7\libm.a(exp.o)
                0x00000276                . = ALIGN (0x2)
                0x00000276                __trampolines_start = .
 *(.trampolines)
 .trampolines   0x00000276        0x0 linker stubs
 *(.trampolines*)
                0x00000276                __trampolines_end = .
 *libprintf_flt.a:*(.progmem.data)
 *libc.a:*(.progmem.data)
 *(.progmem*)
                0x00000276                . = ALIGN (0x2)
 *(.jumptables)
 *(.jumptables*)
 *(.lowtext)
 *(.lowtext*)
                0x00000276                __ctors_start = .
 *(.ctors)
                0x00000276                __ctors_end = .
                0x00000276                __dtors_start = .
 *(.dtors)
                0x00000276                __dtors_end = .
 SORT(*)(.ctors)
 SORT(*)(.dtors)
 *(.init0)
 .init0         0x00000276        0x0 C:/Program Files (x86)/Atmel/Studio/7.0/Packs/atmel/XMEGAA_DFP/1.0.39/gcc/dev/atxmega128a1/avrxmega7/crtatxmega128a1.o
                0x00000276                __init
 *(.init0)
 *(.init1)
 *(.init1)
 *(.init2)
 .init2         0x00000276       0x18 C:/Program Files (x86)/Atmel/Studio/7.0/Packs/atmel/XMEGAA_DFP/1.0.39/gcc/dev/atxmega128a1/avrxmega7/crtatxmega128a1.o
 *(.init2)
 *(.init3)
 *(.init3)
 *(.init4)
 .init4         0x0000028e       0x1c c:/program files (x86)/atmel/studio/7.0/toolchain/avr8/avr8-gnu-toolchain/bin/../lib/gcc/avr/4.9.2/avrxmega7\libgcc.a(_copy_data.o)
                0x0000028e                __do_copy_data
 .init4         0x000002aa       0x10 c:/program files (x86)/atmel/studio/7.0/toolchain/avr8/avr8-gnu-toolchain/bin/../lib/gcc/avr/4.9.2/avrxmega7\libgcc.a(_clear_bss.o)
                0x000002aa                __do_clear_bss
 *(.init4)
 *(.init5)
 *(.init5)
 *(.init6)
 *(.init6)
 *(.init7)
 *(.init7)
 *(.init8)
 *(.init8)
 *(.init9)
 .init9         0x000002ba        0x8 C:/Program Files (x86)/Atmel/Studio/7.0/Packs/atmel/XMEGAA_DFP/1.0.39/gcc/dev/atxmega128a1/avrxmega7/crtatxmega128a1.o
 *(.init9)
 *(.text)
 .text          0x000002c2        0x2 C:/Program Files (x86)/Atmel/Studio/7.0/Packs/atmel/XMEGAA_DFP/1.0.39/gcc/dev/atxmega128a1/avrxmega7/crtatxmega128a1.o
                0x000002c2                __vector_38
                0x000002c2                __vector_104
                0x000002c2                __vector_22
                0x000002c2                __vector_63
                0x000002c2                __vector_28
                0x000002c2                __vector_67
                0x000002c2                __vector_1
                0x000002c2                __vector_119
                0x000002c2                __vector_32
                0x000002c2                __vector_75
                0x000002c2                __vector_91
                0x000002c2                __vector_34
                0x000002c2                __vector_62
                0x000002c2                __vector_77
                0x000002c2                __vector_102
                0x000002c2                __vector_24
                0x000002c2                __vector_12
                0x000002c2                __vector_55
                0x000002c2                __vector_69
                0x000002c2                __vector_81
                0x000002c2                __vector_90
                0x000002c2                __vector_46
                0x000002c2                __bad_interrupt
                0x000002c2                __vector_122
                0x000002c2                __vector_114
                0x000002c2                __vector_6
                0x000002c2                __vector_110
                0x000002c2                __vector_31
                0x000002c2                __vector_92
                0x000002c2                __vector_35
                0x000002c2                __vector_78
                0x000002c2                __vector_117
                0x000002c2                __vector_107
                0x000002c2                __vector_3
                0x000002c2                __vector_105
                0x000002c2                __vector_98
                0x000002c2                __vector_23
                0x000002c2                __vector_68
                0x000002c2                __vector_30
                0x000002c2                __vector_45
                0x000002c2                __vector_25
                0x000002c2                __vector_93
                0x000002c2                __vector_61
                0x000002c2                __vector_11
                0x000002c2                __vector_54
                0x000002c2                __vector_99
                0x000002c2                __vector_13
                0x000002c2                __vector_17
                0x000002c2                __vector_19
                0x000002c2                __vector_56
                0x000002c2                __vector_7
                0x000002c2                __vector_49
                0x000002c2                __vector_123
                0x000002c2                __vector_86
                0x000002c2                __vector_100
                0x000002c2                __vector_101
                0x000002c2                __vector_64
                0x000002c2                __vector_88
                0x000002c2                __vector_109
                0x000002c2                __vector_43
                0x000002c2                __vector_27
                0x000002c2                __vector_5
                0x000002c2                __vector_113
                0x000002c2                __vector_33
                0x000002c2                __vector_76
                0x000002c2                __vector_115
                0x000002c2                __vector_47
                0x000002c2                __vector_52
                0x000002c2                __vector_37
                0x000002c2                __vector_95
                0x000002c2                __vector_103
                0x000002c2                __vector_96
                0x000002c2                __vector_89
                0x000002c2                __vector_108
                0x000002c2                __vector_4
                0x000002c2                __vector_44
                0x000002c2                __vector_82
                0x000002c2                __vector_106
                0x000002c2                __vector_118
                0x000002c2                __vector_51
                0x000002c2                __vector_9
                0x000002c2                __vector_2
                0x000002c2                __vector_21
                0x000002c2                __vector_15
                0x000002c2                __vector_66
                0x000002c2                __vector_36
                0x000002c2                __vector_79
                0x000002c2                __vector_58
                0x000002c2                __vector_70
                0x000002c2                __vector_83
                0x000002c2                __vector_29
                0x000002c2                __vector_60
                0x000002c2                __vector_121
                0x000002c2                __vector_85
                0x000002c2                __vector_94
                0x000002c2                __vector_8
                0x000002c2                __vector_26
                0x000002c2                __vector_48
                0x000002c2                __vector_124
                0x000002c2                __vector_116
                0x000002c2                __vector_112
                0x000002c2                __vector_111
                0x000002c2                __vector_80
                0x000002c2                __vector_14
                0x000002c2                __vector_84
                0x000002c2                __vector_57
                0x000002c2                __vector_53
                0x000002c2                __vector_10
                0x000002c2                __vector_50
                0x000002c2                __vector_16
                0x000002c2                __vector_59
                0x000002c2                __vector_18
                0x000002c2                __vector_97
                0x000002c2                __vector_20
                0x000002c2                __vector_87
                0x000002c2                __vector_65
                0x000002c2                __vector_120
                0x000002c4                . = ALIGN (0x2)
 *(.text.*)
 .text.getAltitude
                0x000002c4       0x84 src/Calculations/Altitude/getAltitude.o
                0x000002c4                getAltitude
 .text.getVelocity
                0x00000348      0x1b6 src/Calculations/Velocity/getVelocity.o
                0x00000348                getVelocity
 .text.SPI_init
                0x000004fe        0xe src/drivers/SPI/SPI_driver.o
                0x000004fe                SPI_init
 .text.spi_read
                0x0000050c       0x16 src/drivers/SPI/SPI_driver.o
                0x0000050c                spi_read
 .text.spi_write
                0x00000522       0x10 src/drivers/SPI/SPI_driver.o
                0x00000522                spi_write
 .text.lightChase
                0x00000532       0xfc src/test/testClass.o
                0x00000532                lightChase
 .text.test     0x0000062e       0x60 src/test/testClass.o
                0x0000062e                test
 .text.sysclk_init
                0x0000068e       0x4e src/ASF/common/services/clock/xmega/sysclk.o
                0x0000068e                sysclk_init
 .text.sysclk_enable_module
                0x000006dc       0x18 src/ASF/common/services/clock/xmega/sysclk.o
                0x000006dc                sysclk_enable_module
 .text._read    0x000006f4       0x32 src/ASF/common/utils/stdio/read.o
                0x000006f4                _read
 .text._write   0x00000726       0x24 src/ASF/common/utils/stdio/write.o
                0x00000726                _write
 .text.__vector_71
                0x0000074a       0x7a src/ASF/xmega/drivers/adc/xmega_aau/adc_aau.o
                0x0000074a                __vector_71
 .text.__vector_72
                0x000007c4       0x7a src/ASF/xmega/drivers/adc/xmega_aau/adc_aau.o
                0x000007c4                __vector_72
 .text.__vector_73
                0x0000083e       0x7a src/ASF/xmega/drivers/adc/xmega_aau/adc_aau.o
                0x0000083e                __vector_73
 .text.__vector_74
                0x000008b8       0x7a src/ASF/xmega/drivers/adc/xmega_aau/adc_aau.o
                0x000008b8                __vector_74
 .text.__vector_39
                0x00000932       0x7a src/ASF/xmega/drivers/adc/xmega_aau/adc_aau.o
                0x00000932                __vector_39
 .text.__vector_40
                0x000009ac       0x7a src/ASF/xmega/drivers/adc/xmega_aau/adc_aau.o
                0x000009ac                __vector_40
 .text.__vector_41
                0x00000a26       0x7a src/ASF/xmega/drivers/adc/xmega_aau/adc_aau.o
                0x00000a26                __vector_41
 .text.__vector_42
                0x00000aa0       0x7a src/ASF/xmega/drivers/adc/xmega_aau/adc_aau.o
                0x00000aa0                __vector_42
 .text.ccp_write_io
                0x00000b1a        0xc src/ASF/xmega/drivers/cpu/ccp.o
                0x00000b1a                ccp_write_io
 .text.nvm_read_byte
                0x00000b26       0x14 src/ASF/xmega/drivers/nvm/nvm_asm.o
                0x00000b26                nvm_read_byte
 .text.usart_putchar
                0x00000b3a       0x10 src/ASF/xmega/drivers/usart/usart.o
                0x00000b3a                usart_putchar
 .text.usart_getchar
                0x00000b4a        0xc src/ASF/xmega/drivers/usart/usart.o
                0x00000b4a                usart_getchar
 .text.usart_set_baudrate
                0x00000b56      0x22c src/ASF/xmega/drivers/usart/usart.o
                0x00000b56                usart_set_baudrate
 .text.usart_init_rs232
                0x00000d82      0x2c2 src/ASF/xmega/drivers/usart/usart.o
                0x00000d82                usart_init_rs232
 .text.ADC_init
                0x00001044       0x4c src/drivers/ADC/ADC_init.o
                0x00001044                ADC_init
 .text.getPressure
                0x00001090       0x22 src/drivers/Pressure/getPressure.o
                0x00001090                getPressure
 .text.getTemperature
                0x000010b2       0xdc src/drivers/Temperature/getTemperature.o
                0x000010b2                getTemperature
 .text.usart_serial_getchar
                0x0000118e       0x10 src/drivers/uart/uart_comms.o
 .text.usart_serial_putchar
                0x0000119e        0x4 src/drivers/uart/uart_comms.o
 .text.UART_Comms_Init
                0x000011a2       0x88 src/drivers/uart/uart_comms.o
                0x000011a2                UART_Comms_Init
 .text.sysclk_enable_peripheral_clock
                0x0000122a      0x272 src/main.o
 .text.main     0x0000149c       0x3e src/main.o
                0x0000149c                main
 .text.avr-libc.fplib
                0x000014da        0xa c:/program files (x86)/atmel/studio/7.0/toolchain/avr8/avr8-gnu-toolchain/bin/../lib/gcc/avr/4.9.2/../../../../avr/lib/avrxmega7\libm.a(addsf3.o)
                0x000014da                __subsf3
                0x000014dc                __addsf3
 .text.avr-libc.fplib
                0x000014e4       0xc0 c:/program files (x86)/atmel/studio/7.0/toolchain/avr8/avr8-gnu-toolchain/bin/../lib/gcc/avr/4.9.2/../../../../avr/lib/avrxmega7\libm.a(addsf3x.o)
                0x000014fe                __addsf3x
 .text.avr-libc.fplib
                0x000015a4        0x4 c:/program files (x86)/atmel/studio/7.0/toolchain/avr8/avr8-gnu-toolchain/bin/../lib/gcc/avr/4.9.2/../../../../avr/lib/avrxmega7\libm.a(divsf3.o)
                0x000015a4                __divsf3
 .text.avr-libc.fplib
                0x000015a8       0xcc c:/program files (x86)/atmel/studio/7.0/toolchain/avr8/avr8-gnu-toolchain/bin/../lib/gcc/avr/4.9.2/../../../../avr/lib/avrxmega7\libm.a(divsf3x.o)
                0x000015be                __divsf3x
                0x000015c2                __divsf3_pse
 .text.avr-libc.fplib
                0x00001674       0x74 c:/program files (x86)/atmel/studio/7.0/toolchain/avr8/avr8-gnu-toolchain/bin/../lib/gcc/avr/4.9.2/../../../../avr/lib/avrxmega7\libm.a(fixsfdi.o)
                0x00001674                __fixsfdi
                0x0000167e                __fixunssfdi
 .text.avr-libc.fplib
                0x000016e8       0x58 c:/program files (x86)/atmel/studio/7.0/toolchain/avr8/avr8-gnu-toolchain/bin/../lib/gcc/avr/4.9.2/../../../../avr/lib/avrxmega7\libm.a(fixunssfsi.o)
                0x000016e8                __fixunssfsi
 .text.avr-libc.fplib
                0x00001740       0x7a c:/program files (x86)/atmel/studio/7.0/toolchain/avr8/avr8-gnu-toolchain/bin/../lib/gcc/avr/4.9.2/../../../../avr/lib/avrxmega7\libm.a(floatsisf.o)
                0x00001740                __floatunsisf
                0x00001744                __floatsisf
 .text.avr-libc.fplib
                0x000017ba       0x7c c:/program files (x86)/atmel/studio/7.0/toolchain/avr8/avr8-gnu-toolchain/bin/../lib/gcc/avr/4.9.2/../../../../avr/lib/avrxmega7\libm.a(floatundisf.o)
                0x000017ba                __floatundisf
                0x000017bc                __fp_di2sf
 .text.avr-libc.fplib
                0x00001836        0xc c:/program files (x86)/atmel/studio/7.0/toolchain/avr8/avr8-gnu-toolchain/bin/../lib/gcc/avr/4.9.2/../../../../avr/lib/avrxmega7\libm.a(fp_inf.o)
                0x00001836                __fp_inf
 .text.avr-libc.fplib
                0x00001842        0x6 c:/program files (x86)/atmel/studio/7.0/toolchain/avr8/avr8-gnu-toolchain/bin/../lib/gcc/avr/4.9.2/../../../../avr/lib/avrxmega7\libm.a(fp_nan.o)
                0x00001842                __fp_nan
 .text.avr-libc.fplib
                0x00001848       0x20 c:/program files (x86)/atmel/studio/7.0/toolchain/avr8/avr8-gnu-toolchain/bin/../lib/gcc/avr/4.9.2/../../../../avr/lib/avrxmega7\libm.a(fp_negdi.o)
                0x00001848                __fp_negdi
 .text.avr-libc.fplib
                0x00001868        0xe c:/program files (x86)/atmel/studio/7.0/toolchain/avr8/avr8-gnu-toolchain/bin/../lib/gcc/avr/4.9.2/../../../../avr/lib/avrxmega7\libm.a(fp_pscA.o)
                0x00001868                __fp_pscA
 .text.avr-libc.fplib
                0x00001876        0xe c:/program files (x86)/atmel/studio/7.0/toolchain/avr8/avr8-gnu-toolchain/bin/../lib/gcc/avr/4.9.2/../../../../avr/lib/avrxmega7\libm.a(fp_pscB.o)
                0x00001876                __fp_pscB
 .text.avr-libc.fplib
                0x00001884       0x22 c:/program files (x86)/atmel/studio/7.0/toolchain/avr8/avr8-gnu-toolchain/bin/../lib/gcc/avr/4.9.2/../../../../avr/lib/avrxmega7\libm.a(fp_round.o)
                0x00001884                __fp_round
 .text.avr-libc.fplib
                0x000018a6       0x44 c:/program files (x86)/atmel/studio/7.0/toolchain/avr8/avr8-gnu-toolchain/bin/../lib/gcc/avr/4.9.2/../../../../avr/lib/avrxmega7\libm.a(fp_split3.o)
                0x000018a6                __fp_split3
                0x000018b6                __fp_splitA
 .text.avr-libc.fplib
                0x000018ea        0xe c:/program files (x86)/atmel/studio/7.0/toolchain/avr8/avr8-gnu-toolchain/bin/../lib/gcc/avr/4.9.2/../../../../avr/lib/avrxmega7\libm.a(fp_zero.o)
                0x000018ea                __fp_zero
                0x000018ec                __fp_szero
 .text.avr-libc.fplib
                0x000018f8       0x8a c:/program files (x86)/atmel/studio/7.0/toolchain/avr8/avr8-gnu-toolchain/bin/../lib/gcc/avr/4.9.2/../../../../avr/lib/avrxmega7\libm.a(log.o)
                0x00001902                log
 .text.avr-libc.fplib
                0x00001982        0x4 c:/program files (x86)/atmel/studio/7.0/toolchain/avr8/avr8-gnu-toolchain/bin/../lib/gcc/avr/4.9.2/../../../../avr/lib/avrxmega7\libm.a(mulsf3.o)
                0x00001982                __mulsf3
 .text.avr-libc.fplib
                0x00001986       0xc2 c:/program files (x86)/atmel/studio/7.0/toolchain/avr8/avr8-gnu-toolchain/bin/../lib/gcc/avr/4.9.2/../../../../avr/lib/avrxmega7\libm.a(mulsf3x.o)
                0x0000199a                __mulsf3x
                0x0000199e                __mulsf3_pse
 .text.avr-libc.fplib
                0x00001a48       0x98 c:/program files (x86)/atmel/studio/7.0/toolchain/avr8/avr8-gnu-toolchain/bin/../lib/gcc/avr/4.9.2/../../../../avr/lib/avrxmega7\libm.a(pow.o)
                0x00001a48                pow
 .text.avr-libc.fplib
                0x00001ae0       0x62 c:/program files (x86)/atmel/studio/7.0/toolchain/avr8/avr8-gnu-toolchain/bin/../lib/gcc/avr/4.9.2/../../../../avr/lib/avrxmega7\libm.a(exp.o)
                0x00001aea                exp
 .text.avr-libc.fplib
                0x00001b42       0x1c c:/program files (x86)/atmel/studio/7.0/toolchain/avr8/avr8-gnu-toolchain/bin/../lib/gcc/avr/4.9.2/../../../../avr/lib/avrxmega7\libm.a(fp_mpack.o)
                0x00001b42                __fp_mpack
                0x00001b46                __fp_mpack_finite
 .text.avr-libc.fplib
                0x00001b5e       0x4a c:/program files (x86)/atmel/studio/7.0/toolchain/avr8/avr8-gnu-toolchain/bin/../lib/gcc/avr/4.9.2/../../../../avr/lib/avrxmega7\libm.a(fp_powser.o)
                0x00001b5e                __fp_powser
 .text.avr-libc.fplib
                0x00001ba8        0xe c:/program files (x86)/atmel/studio/7.0/toolchain/avr8/avr8-gnu-toolchain/bin/../lib/gcc/avr/4.9.2/../../../../avr/lib/avrxmega7\libm.a(inverse.o)
                0x00001ba8                inverse
 .text.avr-libc.fplib
                0x00001bb6       0x6c c:/program files (x86)/atmel/studio/7.0/toolchain/avr8/avr8-gnu-toolchain/bin/../lib/gcc/avr/4.9.2/../../../../avr/lib/avrxmega7\libm.a(ldexp.o)
                0x00001bba                ldexp
 .text.avr-libc.fplib
                0x00001c22       0x66 c:/program files (x86)/atmel/studio/7.0/toolchain/avr8/avr8-gnu-toolchain/bin/../lib/gcc/avr/4.9.2/../../../../avr/lib/avrxmega7\libm.a(modf.o)
                0x00001c22                modf
                0x00001c22                modff
 .text.libgcc.div
                0x00001c88       0x44 c:/program files (x86)/atmel/studio/7.0/toolchain/avr8/avr8-gnu-toolchain/bin/../lib/gcc/avr/4.9.2/avrxmega7\libgcc.a(_udivmodsi4.o)
                0x00001c88                __udivmodsi4
 .text.libgcc.div
                0x00001ccc       0x28 c:/program files (x86)/atmel/studio/7.0/toolchain/avr8/avr8-gnu-toolchain/bin/../lib/gcc/avr/4.9.2/avrxmega7\libgcc.a(_divmodsi4.o)
                0x00001ccc                __divmodsi4
 .text.libgcc.div
                0x00001cf4       0x10 c:/program files (x86)/atmel/studio/7.0/toolchain/avr8/avr8-gnu-toolchain/bin/../lib/gcc/avr/4.9.2/avrxmega7\libgcc.a(_negsi2.o)
                0x00001cf4                __negsi2
 .text.libgcc.mul
                0x00001d04       0x92 c:/program files (x86)/atmel/studio/7.0/toolchain/avr8/avr8-gnu-toolchain/bin/../lib/gcc/avr/4.9.2/avrxmega7\libgcc.a(_muldi3.o)
                0x00001d04                __muldi3
 .text.libgcc.mul
                0x00001d96       0x10 c:/program files (x86)/atmel/studio/7.0/toolchain/avr8/avr8-gnu-toolchain/bin/../lib/gcc/avr/4.9.2/avrxmega7\libgcc.a(_muldi3_6.o)
                0x00001d96                __muldi3_6
 .text.libgcc.mul
                0x00001da6       0x1e c:/program files (x86)/atmel/studio/7.0/toolchain/avr8/avr8-gnu-toolchain/bin/../lib/gcc/avr/4.9.2/avrxmega7\libgcc.a(_umulhisi3.o)
                0x00001da6                __umulhisi3
 .text.avr-libc
                0x00001dc4       0x94 c:/program files (x86)/atmel/studio/7.0/toolchain/avr8/avr8-gnu-toolchain/bin/../lib/gcc/avr/4.9.2/../../../../avr/lib/avrxmega7\libc.a(fdevopen.o)
                0x00001dc4                fdevopen
 .text.avr-libc
                0x00001e58       0x26 c:/program files (x86)/atmel/studio/7.0/toolchain/avr8/avr8-gnu-toolchain/bin/../lib/gcc/avr/4.9.2/../../../../avr/lib/avrxmega7\libc.a(printf.o)
                0x00001e58                printf
 .text.avr-libc
                0x00001e7e      0x3d0 c:/program files (x86)/atmel/studio/7.0/toolchain/avr8/avr8-gnu-toolchain/bin/../lib/gcc/avr/4.9.2/../../../../avr/lib/avrxmega7\libc.a(vfprintf_std.o)
                0x00001e7e                vfprintf
 .text.avr-libc
                0x0000224e       0x34 c:/program files (x86)/atmel/studio/7.0/toolchain/avr8/avr8-gnu-toolchain/bin/../lib/gcc/avr/4.9.2/../../../../avr/lib/avrxmega7\libc.a(calloc.o)
                0x0000224e                calloc
 .text.avr-libc
                0x00002282      0x25a c:/program files (x86)/atmel/studio/7.0/toolchain/avr8/avr8-gnu-toolchain/bin/../lib/gcc/avr/4.9.2/../../../../avr/lib/avrxmega7\libc.a(malloc.o)
                0x00002282                malloc
                0x000023ac                free
 .text.avr-libc
                0x000024dc       0x16 c:/program files (x86)/atmel/studio/7.0/toolchain/avr8/avr8-gnu-toolchain/bin/../lib/gcc/avr/4.9.2/../../../../avr/lib/avrxmega7\libc.a(strnlen_P.o)
                0x000024dc                strnlen_P
 .text.avr-libc
                0x000024f2        0xe c:/program files (x86)/atmel/studio/7.0/toolchain/avr8/avr8-gnu-toolchain/bin/../lib/gcc/avr/4.9.2/../../../../avr/lib/avrxmega7\libc.a(memset.o)
                0x000024f2                memset
 .text.avr-libc
                0x00002500       0x16 c:/program files (x86)/atmel/studio/7.0/toolchain/avr8/avr8-gnu-toolchain/bin/../lib/gcc/avr/4.9.2/../../../../avr/lib/avrxmega7\libc.a(strnlen.o)
                0x00002500                strnlen
 .text.avr-libc
                0x00002516       0x70 c:/program files (x86)/atmel/studio/7.0/toolchain/avr8/avr8-gnu-toolchain/bin/../lib/gcc/avr/4.9.2/../../../../avr/lib/avrxmega7\libc.a(fputc.o)
                0x00002516                fputc
 .text.avr-libc
                0x00002586       0xbc c:/program files (x86)/atmel/studio/7.0/toolchain/avr8/avr8-gnu-toolchain/bin/../lib/gcc/avr/4.9.2/../../../../avr/lib/avrxmega7\libc.a(ultoa_invert.o)
                0x00002586                __ultoa_invert
                0x00002642                . = ALIGN (0x2)
 *(.fini9)
 .fini9         0x00002642        0x0 c:/program files (x86)/atmel/studio/7.0/toolchain/avr8/avr8-gnu-toolchain/bin/../lib/gcc/avr/4.9.2/avrxmega7\libgcc.a(_exit.o)
                0x00002642                _exit
                0x00002642                exit
 *(.fini9)
 *(.fini8)
 *(.fini8)
 *(.fini7)
 *(.fini7)
 *(.fini6)
 *(.fini6)
 *(.fini5)
 *(.fini5)
 *(.fini4)
 *(.fini4)
 *(.fini3)
 *(.fini3)
 *(.fini2)
 *(.fini2)
 *(.fini1)
 *(.fini1)
 *(.fini0)
 .fini0         0x00002642        0x4 c:/program files (x86)/atmel/studio/7.0/toolchain/avr8/avr8-gnu-toolchain/bin/../lib/gcc/avr/4.9.2/avrxmega7\libgcc.a(_exit.o)
 *(.fini0)
                0x00002646                _etext = .

.data           0x00802000       0x16 load address 0x00002646
                0x00802000                PROVIDE (__data_start, .)
 *(.data)
 .data          0x00802000        0x6 c:/program files (x86)/atmel/studio/7.0/toolchain/avr8/avr8-gnu-toolchain/bin/../lib/gcc/avr/4.9.2/../../../../avr/lib/avrxmega7\libc.a(malloc.o)
                0x00802000                __malloc_heap_end
                0x00802002                __malloc_heap_start
                0x00802004                __malloc_margin
 *(.data*)
 .data.usart_options.5286
                0x00802006        0x7 src/drivers/uart/uart_comms.o
 *(.rodata)
 *(.rodata*)
 .rodata.str1.1
                0x0080200d        0x8 src/test/testClass.o
 *(.gnu.linkonce.d*)
                0x00802016                . = ALIGN (0x2)
 *fill*         0x00802015        0x1 
                0x00802016                _edata = .
                0x00802016                PROVIDE (__data_end, .)

.bss            0x00802016       0x1b
                0x00802016                PROVIDE (__bss_start, .)
 *(.bss)
 *(.bss*)
 *(COMMON)
 COMMON         0x00802016        0x7 src/test/testClass.o
                0x00802016                adcReading
                0x00802018                lightNumber
                0x00802019                voltage
 COMMON         0x0080201d        0x2 src/ASF/common/utils/stdio/read.o
                0x0080201d                ptr_get
 COMMON         0x0080201f        0x4 src/ASF/common/utils/stdio/write.o
                0x0080201f                ptr_put
                0x00802021                stdio_base
 COMMON         0x00802023        0x4 src/ASF/xmega/drivers/adc/adc.o
                0x00802023                adcb_callback
                0x00802025                adca_callback
 COMMON         0x00802027        0x6 c:/program files (x86)/atmel/studio/7.0/toolchain/avr8/avr8-gnu-toolchain/bin/../lib/gcc/avr/4.9.2/../../../../avr/lib/avrxmega7\libc.a(iob.o)
                0x00802027                __iob
 COMMON         0x0080202d        0x4 c:/program files (x86)/atmel/studio/7.0/toolchain/avr8/avr8-gnu-toolchain/bin/../lib/gcc/avr/4.9.2/../../../../avr/lib/avrxmega7\libc.a(malloc.o)
                0x0080202d                __brkval
                0x0080202f                __flp
                0x00802031                PROVIDE (__bss_end, .)
                0x00002646                __data_load_start = LOADADDR (.data)
                0x0000265c                __data_load_end = (__data_load_start + SIZEOF (.data))

.noinit         0x00802031        0x0
                [!provide]                PROVIDE (__noinit_start, .)
 *(.noinit*)
                [!provide]                PROVIDE (__noinit_end, .)
                0x00802031                _end = .
                0x00802031                PROVIDE (__heap_start, .)

.eeprom         0x00810000        0x0
 *(.eeprom*)
                0x00810000                __eeprom_end = .

.fuse
 *(.fuse)
 *(.lfuse)
 *(.hfuse)
 *(.efuse)

.lock
 *(.lock*)

.signature
 *(.signature*)

.user_signatures
 *(.user_signatures*)

.stab
 *(.stab)

.stabstr
 *(.stabstr)

.stab.excl
 *(.stab.excl)

.stab.exclstr
 *(.stab.exclstr)

.stab.index
 *(.stab.index)

.stab.indexstr
 *(.stab.indexstr)

.comment        0x00000000       0x5c
 *(.comment)
 .comment       0x00000000       0x30 src/Calculations/Altitude/getAltitude.o
                                 0x31 (size before relaxing)
 .comment       0x00000030       0x31 src/Calculations/Velocity/getVelocity.o
 .comment       0x00000030       0x31 src/drivers/SPI/SPI_driver.o
 .comment       0x00000030       0x31 src/test/testClass.o
 .comment       0x00000030       0x31 src/ASF/common/services/clock/xmega/sysclk.o
 .comment       0x00000030       0x31 src/ASF/common/utils/stdio/read.o
 .comment       0x00000030       0x31 src/ASF/common/utils/stdio/write.o
 .comment       0x00000030       0x31 src/ASF/xmega/drivers/adc/adc.o
 .comment       0x00000030       0x31 src/ASF/xmega/drivers/adc/xmega_aau/adc_aau.o
 .comment       0x00000030       0x31 src/ASF/xmega/drivers/usart/usart.o
 .comment       0x00000030       0x31 src/drivers/ADC/ADC_init.o
 .comment       0x00000030       0x31 src/drivers/Pressure/getPressure.o
 .comment       0x00000030       0x31 src/drivers/Temperature/getTemperature.o
 .comment       0x00000030       0x31 src/drivers/uart/uart_comms.o
 .comment       0x00000030       0x31 src/main.o
 .comment       0x00000030       0x31 c:/program files (x86)/atmel/studio/7.0/toolchain/avr8/avr8-gnu-toolchain/bin/../lib/gcc/avr/4.9.2/../../../../avr/lib/avrxmega7\libc.a(fdevopen.o)
 .comment       0x00000030       0x31 c:/program files (x86)/atmel/studio/7.0/toolchain/avr8/avr8-gnu-toolchain/bin/../lib/gcc/avr/4.9.2/../../../../avr/lib/avrxmega7\libc.a(iob.o)
 .comment       0x00000030       0x31 c:/program files (x86)/atmel/studio/7.0/toolchain/avr8/avr8-gnu-toolchain/bin/../lib/gcc/avr/4.9.2/../../../../avr/lib/avrxmega7\libc.a(printf.o)
 .comment       0x00000030       0x2c c:/program files (x86)/atmel/studio/7.0/toolchain/avr8/avr8-gnu-toolchain/bin/../lib/gcc/avr/4.9.2/../../../../avr/lib/avrxmega7\libc.a(vfprintf_std.o)
                                 0x2d (size before relaxing)
 .comment       0x0000005c       0x31 c:/program files (x86)/atmel/studio/7.0/toolchain/avr8/avr8-gnu-toolchain/bin/../lib/gcc/avr/4.9.2/../../../../avr/lib/avrxmega7\libc.a(calloc.o)
 .comment       0x0000005c       0x31 c:/program files (x86)/atmel/studio/7.0/toolchain/avr8/avr8-gnu-toolchain/bin/../lib/gcc/avr/4.9.2/../../../../avr/lib/avrxmega7\libc.a(malloc.o)
 .comment       0x0000005c       0x31 c:/program files (x86)/atmel/studio/7.0/toolchain/avr8/avr8-gnu-toolchain/bin/../lib/gcc/avr/4.9.2/../../../../avr/lib/avrxmega7\libc.a(fputc.o)

.note.gnu.avr.deviceinfo
                0x00000000       0x40
 .note.gnu.avr.deviceinfo
                0x00000000       0x40 C:/Program Files (x86)/Atmel/Studio/7.0/Packs/atmel/XMEGAA_DFP/1.0.39/gcc/dev/atxmega128a1/avrxmega7/crtatxmega128a1.o

.note.gnu.build-id
 *(.note.gnu.build-id)

.debug
 *(.debug)

.line
 *(.line)

.debug_srcinfo
 *(.debug_srcinfo)

.debug_sfnames
 *(.debug_sfnames)

.debug_aranges  0x00000000      0x360
 *(.debug_aranges)
 .debug_aranges
                0x00000000       0x20 src/Calculations/Altitude/getAltitude.o
 .debug_aranges
                0x00000020       0x28 src/Calculations/Velocity/getVelocity.o
 .debug_aranges
                0x00000048       0x38 src/drivers/SPI/SPI_driver.o
 .debug_aranges
                0x00000080       0x30 src/test/testClass.o
 .debug_aranges
                0x000000b0       0x30 src/ASF/common/services/clock/xmega/sysclk.o
 .debug_aranges
                0x000000e0       0x20 src/ASF/common/utils/stdio/read.o
 .debug_aranges
                0x00000100       0x20 src/ASF/common/utils/stdio/write.o
 .debug_aranges
                0x00000120       0x48 src/ASF/xmega/drivers/adc/adc.o
 .debug_aranges
                0x00000168       0x78 src/ASF/xmega/drivers/adc/xmega_aau/adc_aau.o
 .debug_aranges
                0x000001e0       0x20 src/ASF/xmega/drivers/cpu/ccp.o
 .debug_aranges
                0x00000200       0x28 src/ASF/xmega/drivers/nvm/nvm_asm.o
 .debug_aranges
                0x00000228       0x58 src/ASF/xmega/drivers/usart/usart.o
 .debug_aranges
                0x00000280       0x20 src/drivers/ADC/ADC_init.o
 .debug_aranges
                0x000002a0       0x20 src/drivers/Pressure/getPressure.o
 .debug_aranges
                0x000002c0       0x20 src/drivers/Temperature/getTemperature.o
 .debug_aranges
                0x000002e0       0x30 src/drivers/uart/uart_comms.o
 .debug_aranges
                0x00000310       0x50 src/main.o

.debug_pubnames
 *(.debug_pubnames)

.debug_info     0x00000000     0xa75d
 *(.debug_info .gnu.linkonce.wi.*)
 .debug_info    0x00000000      0x23b src/Calculations/Altitude/getAltitude.o
 .debug_info    0x0000023b      0x499 src/Calculations/Velocity/getVelocity.o
 .debug_info    0x000006d4      0x289 src/drivers/SPI/SPI_driver.o
 .debug_info    0x0000095d      0xa29 src/test/testClass.o
 .debug_info    0x00001386      0x67c src/ASF/common/services/clock/xmega/sysclk.o
 .debug_info    0x00001a02      0x119 src/ASF/common/utils/stdio/read.o
 .debug_info    0x00001b1b      0x119 src/ASF/common/utils/stdio/write.o
 .debug_info    0x00001c34      0xaa4 src/ASF/xmega/drivers/adc/adc.o
 .debug_info    0x000026d8      0xe8c src/ASF/xmega/drivers/adc/xmega_aau/adc_aau.o
 .debug_info    0x00003564       0x93 src/ASF/xmega/drivers/cpu/ccp.o
 .debug_info    0x000035f7       0x93 src/ASF/xmega/drivers/nvm/nvm_asm.o
 .debug_info    0x0000368a     0x3287 src/ASF/xmega/drivers/usart/usart.o
 .debug_info    0x00006911      0x7ad src/drivers/ADC/ADC_init.o
 .debug_info    0x000070be      0x229 src/drivers/Pressure/getPressure.o
 .debug_info    0x000072e7      0x66b src/drivers/Temperature/getTemperature.o
 .debug_info    0x00007952      0x8c1 src/drivers/uart/uart_comms.o
 .debug_info    0x00008213     0x254a src/main.o

.debug_abbrev   0x00000000     0x1ee4
 *(.debug_abbrev)
 .debug_abbrev  0x00000000      0x126 src/Calculations/Altitude/getAltitude.o
 .debug_abbrev  0x00000126      0x222 src/Calculations/Velocity/getVelocity.o
 .debug_abbrev  0x00000348      0x15e src/drivers/SPI/SPI_driver.o
 .debug_abbrev  0x000004a6      0x286 src/test/testClass.o
 .debug_abbrev  0x0000072c      0x25f src/ASF/common/services/clock/xmega/sysclk.o
 .debug_abbrev  0x0000098b       0xc5 src/ASF/common/utils/stdio/read.o
 .debug_abbrev  0x00000a50       0xa7 src/ASF/common/utils/stdio/write.o
 .debug_abbrev  0x00000af7      0x2aa src/ASF/xmega/drivers/adc/adc.o
 .debug_abbrev  0x00000da1      0x32a src/ASF/xmega/drivers/adc/xmega_aau/adc_aau.o
 .debug_abbrev  0x000010cb       0x14 src/ASF/xmega/drivers/cpu/ccp.o
 .debug_abbrev  0x000010df       0x12 src/ASF/xmega/drivers/nvm/nvm_asm.o
 .debug_abbrev  0x000010f1      0x3df src/ASF/xmega/drivers/usart/usart.o
 .debug_abbrev  0x000014d0      0x217 src/drivers/ADC/ADC_init.o
 .debug_abbrev  0x000016e7      0x137 src/drivers/Pressure/getPressure.o
 .debug_abbrev  0x0000181e      0x198 src/drivers/Temperature/getTemperature.o
 .debug_abbrev  0x000019b6      0x2a7 src/drivers/uart/uart_comms.o
 .debug_abbrev  0x00001c5d      0x287 src/main.o

.debug_line     0x00000000     0x8602
 *(.debug_line .debug_line.* .debug_line_end)
 .debug_line    0x00000000      0x961 src/Calculations/Altitude/getAltitude.o
 .debug_line    0x00000961      0x9e5 src/Calculations/Velocity/getVelocity.o
 .debug_line    0x00001346      0x965 src/drivers/SPI/SPI_driver.o
 .debug_line    0x00001cab      0xa8b src/test/testClass.o
 .debug_line    0x00002736      0x5a7 src/ASF/common/services/clock/xmega/sysclk.o
 .debug_line    0x00002cdd      0x3d2 src/ASF/common/utils/stdio/read.o
 .debug_line    0x000030af      0x3d9 src/ASF/common/utils/stdio/write.o
 .debug_line    0x00003488      0x781 src/ASF/xmega/drivers/adc/adc.o
 .debug_line    0x00003c09      0x969 src/ASF/xmega/drivers/adc/xmega_aau/adc_aau.o
 .debug_line    0x00004572       0x6e src/ASF/xmega/drivers/cpu/ccp.o
 .debug_line    0x000045e0      0x11f src/ASF/xmega/drivers/nvm/nvm_asm.o
 .debug_line    0x000046ff      0xd6a src/ASF/xmega/drivers/usart/usart.o
 .debug_line    0x00005469      0x940 src/drivers/ADC/ADC_init.o
 .debug_line    0x00005da9      0x929 src/drivers/Pressure/getPressure.o
 .debug_line    0x000066d2      0x92f src/drivers/Temperature/getTemperature.o
 .debug_line    0x00007001      0x972 src/drivers/uart/uart_comms.o
 .debug_line    0x00007973      0xc8f src/main.o

.debug_frame    0x00000000      0x9d0
 *(.debug_frame)
 .debug_frame   0x00000000       0x4c src/Calculations/Altitude/getAltitude.o
 .debug_frame   0x0000004c       0xb4 src/Calculations/Velocity/getVelocity.o
 .debug_frame   0x00000100       0x54 src/drivers/SPI/SPI_driver.o
 .debug_frame   0x00000154       0xc8 src/test/testClass.o
 .debug_frame   0x0000021c       0x44 src/ASF/common/services/clock/xmega/sysclk.o
 .debug_frame   0x00000260       0x34 src/ASF/common/utils/stdio/read.o
 .debug_frame   0x00000294       0x24 src/ASF/common/utils/stdio/write.o
 .debug_frame   0x000002b8       0x8c src/ASF/xmega/drivers/adc/adc.o
 .debug_frame   0x00000344      0x3a4 src/ASF/xmega/drivers/adc/xmega_aau/adc_aau.o
 .debug_frame   0x000006e8      0x148 src/ASF/xmega/drivers/usart/usart.o
 .debug_frame   0x00000830       0x40 src/drivers/ADC/ADC_init.o
 .debug_frame   0x00000870       0x30 src/drivers/Pressure/getPressure.o
 .debug_frame   0x000008a0       0x4c src/drivers/Temperature/getTemperature.o
 .debug_frame   0x000008ec       0x60 src/drivers/uart/uart_comms.o
 .debug_frame   0x0000094c       0x84 src/main.o

.debug_str      0x00000000    0x2a58a
 *(.debug_str)
 .debug_str     0x00000000    0x287f6 src/Calculations/Altitude/getAltitude.o
                              0x28ee2 (size before relaxing)
 .debug_str     0x000287f6      0x16e src/Calculations/Velocity/getVelocity.o
                              0x28de9 (size before relaxing)
 .debug_str     0x00028964       0x8a src/drivers/SPI/SPI_driver.o
                              0x28b82 (size before relaxing)
 .debug_str     0x000289ee      0x2a7 src/test/testClass.o
                              0x2906c (size before relaxing)
 .debug_str     0x00028c95      0x264 src/ASF/common/services/clock/xmega/sysclk.o
                              0x27320 (size before relaxing)
 .debug_str     0x00028ef9       0x25 src/ASF/common/utils/stdio/read.o
                              0x25556 (size before relaxing)
 .debug_str     0x00028f1e       0x26 src/ASF/common/utils/stdio/write.o
                              0x25558 (size before relaxing)
 .debug_str     0x00028f44      0x2ef src/ASF/xmega/drivers/adc/adc.o
                              0x27d2d (size before relaxing)
 .debug_str     0x00029233      0x4d3 src/ASF/xmega/drivers/adc/xmega_aau/adc_aau.o
                              0x27ee0 (size before relaxing)
 .debug_str     0x00029706      0xc51 src/ASF/xmega/drivers/usart/usart.o
                              0x2887b (size before relaxing)
 .debug_str     0x0002a357       0x73 src/drivers/ADC/ADC_init.o
                              0x2904e (size before relaxing)
 .debug_str     0x0002a3ca       0x26 src/drivers/Pressure/getPressure.o
                              0x28b50 (size before relaxing)
 .debug_str     0x0002a3f0       0x37 src/drivers/Temperature/getTemperature.o
                              0x29094 (size before relaxing)
 .debug_str     0x0002a427       0xd3 src/drivers/uart/uart_comms.o
                              0x28ff1 (size before relaxing)
 .debug_str     0x0002a4fa       0x90 src/main.o
                              0x29563 (size before relaxing)

.debug_loc      0x00000000     0x3081
 *(.debug_loc)
 .debug_loc     0x00000000       0x7d src/Calculations/Altitude/getAltitude.o
 .debug_loc     0x0000007d      0x2b9 src/Calculations/Velocity/getVelocity.o
 .debug_loc     0x00000336       0x20 src/drivers/SPI/SPI_driver.o
 .debug_loc     0x00000356      0x306 src/test/testClass.o
 .debug_loc     0x0000065c      0x183 src/ASF/common/services/clock/xmega/sysclk.o
 .debug_loc     0x000007df       0x6e src/ASF/common/utils/stdio/read.o
 .debug_loc     0x0000084d       0x52 src/ASF/common/utils/stdio/write.o
 .debug_loc     0x0000089f      0x216 src/ASF/xmega/drivers/adc/adc.o
 .debug_loc     0x00000ab5      0xd66 src/ASF/xmega/drivers/adc/xmega_aau/adc_aau.o
 .debug_loc     0x0000181b     0x10ba src/ASF/xmega/drivers/usart/usart.o
 .debug_loc     0x000028d5       0x6e src/drivers/ADC/ADC_init.o
 .debug_loc     0x00002943       0x6a src/drivers/Pressure/getPressure.o
 .debug_loc     0x000029ad      0x10b src/drivers/Temperature/getTemperature.o
 .debug_loc     0x00002ab8      0x119 src/drivers/uart/uart_comms.o
 .debug_loc     0x00002bd1      0x4b0 src/main.o

.debug_macinfo
 *(.debug_macinfo)

.debug_weaknames
 *(.debug_weaknames)

.debug_funcnames
 *(.debug_funcnames)

.debug_typenames
 *(.debug_typenames)

.debug_varnames
 *(.debug_varnames)

.debug_pubtypes
 *(.debug_pubtypes)

.debug_ranges   0x00000000      0x2b0
 *(.debug_ranges)
 .debug_ranges  0x00000000       0x10 src/Calculations/Altitude/getAltitude.o
 .debug_ranges  0x00000010       0x18 src/Calculations/Velocity/getVelocity.o
 .debug_ranges  0x00000028       0x28 src/drivers/SPI/SPI_driver.o
 .debug_ranges  0x00000050       0x50 src/test/testClass.o
 .debug_ranges  0x000000a0       0x20 src/ASF/common/services/clock/xmega/sysclk.o
 .debug_ranges  0x000000c0       0x10 src/ASF/common/utils/stdio/read.o
 .debug_ranges  0x000000d0       0x10 src/ASF/common/utils/stdio/write.o
 .debug_ranges  0x000000e0       0x38 src/ASF/xmega/drivers/adc/adc.o
 .debug_ranges  0x00000118       0x68 src/ASF/xmega/drivers/adc/xmega_aau/adc_aau.o
 .debug_ranges  0x00000180       0x20 src/ASF/xmega/drivers/nvm/nvm_asm.o
 .debug_ranges  0x000001a0       0x80 src/ASF/xmega/drivers/usart/usart.o
 .debug_ranges  0x00000220       0x10 src/drivers/ADC/ADC_init.o
 .debug_ranges  0x00000230       0x10 src/drivers/Pressure/getPressure.o
 .debug_ranges  0x00000240       0x10 src/drivers/Temperature/getTemperature.o
 .debug_ranges  0x00000250       0x20 src/drivers/uart/uart_comms.o
 .debug_ranges  0x00000270       0x40 src/main.o

.debug_macro    0x00000000     0xb412
 *(.debug_macro)
 .debug_macro   0x00000000      0x341 src/Calculations/Altitude/getAltitude.o
 .debug_macro   0x00000341      0xa90 src/Calculations/Altitude/getAltitude.o
 .debug_macro   0x00000dd1       0x10 src/Calculations/Altitude/getAltitude.o
 .debug_macro   0x00000de1      0x1c9 src/Calculations/Altitude/getAltitude.o
 .debug_macro   0x00000faa      0x2fc src/Calculations/Altitude/getAltitude.o
 .debug_macro   0x000012a6       0x9e src/Calculations/Altitude/getAltitude.o
 .debug_macro   0x00001344     0x53d7 src/Calculations/Altitude/getAltitude.o
 .debug_macro   0x0000671b       0x9a src/Calculations/Altitude/getAltitude.o
 .debug_macro   0x000067b5       0xf1 src/Calculations/Altitude/getAltitude.o
 .debug_macro   0x000068a6       0x34 src/Calculations/Altitude/getAltitude.o
 .debug_macro   0x000068da       0x10 src/Calculations/Altitude/getAltitude.o
 .debug_macro   0x000068ea       0x18 src/Calculations/Altitude/getAltitude.o
 .debug_macro   0x00006902       0x5e src/Calculations/Altitude/getAltitude.o
 .debug_macro   0x00006960       0x10 src/Calculations/Altitude/getAltitude.o
 .debug_macro   0x00006970       0x22 src/Calculations/Altitude/getAltitude.o
 .debug_macro   0x00006992      0x166 src/Calculations/Altitude/getAltitude.o
 .debug_macro   0x00006af8       0x1c src/Calculations/Altitude/getAltitude.o
 .debug_macro   0x00006b14       0x35 src/Calculations/Altitude/getAltitude.o
 .debug_macro   0x00006b49       0x66 src/Calculations/Altitude/getAltitude.o
 .debug_macro   0x00006baf      0x621 src/Calculations/Altitude/getAltitude.o
 .debug_macro   0x000071d0       0x97 src/Calculations/Altitude/getAltitude.o
 .debug_macro   0x00007267       0x17 src/Calculations/Altitude/getAltitude.o
 .debug_macro   0x0000727e      0x250 src/Calculations/Altitude/getAltitude.o
 .debug_macro   0x000074ce       0x76 src/Calculations/Altitude/getAltitude.o
 .debug_macro   0x00007544       0x16 src/Calculations/Altitude/getAltitude.o
 .debug_macro   0x0000755a      0x6e3 src/Calculations/Altitude/getAltitude.o
 .debug_macro   0x00007c3d       0x10 src/Calculations/Altitude/getAltitude.o
 .debug_macro   0x00007c4d      0x175 src/Calculations/Altitude/getAltitude.o
 .debug_macro   0x00007dc2       0x40 src/Calculations/Altitude/getAltitude.o
 .debug_macro   0x00007e02       0x69 src/Calculations/Altitude/getAltitude.o
 .debug_macro   0x00007e6b       0x32 src/Calculations/Altitude/getAltitude.o
 .debug_macro   0x00007e9d       0xe4 src/Calculations/Altitude/getAltitude.o
 .debug_macro   0x00007f81       0x10 src/Calculations/Altitude/getAltitude.o
 .debug_macro   0x00007f91       0x20 src/Calculations/Altitude/getAltitude.o
 .debug_macro   0x00007fb1       0x10 src/Calculations/Altitude/getAltitude.o
 .debug_macro   0x00007fc1       0x42 src/Calculations/Altitude/getAltitude.o
 .debug_macro   0x00008003       0x1c src/Calculations/Altitude/getAltitude.o
 .debug_macro   0x0000801f      0x279 src/Calculations/Altitude/getAltitude.o
 .debug_macro   0x00008298      0x17c src/Calculations/Altitude/getAltitude.o
 .debug_macro   0x00008414       0x82 src/Calculations/Altitude/getAltitude.o
 .debug_macro   0x00008496       0x2f src/Calculations/Altitude/getAltitude.o
 .debug_macro   0x000084c5      0x13f src/Calculations/Altitude/getAltitude.o
 .debug_macro   0x00008604       0xbb src/Calculations/Altitude/getAltitude.o
 .debug_macro   0x000086bf       0x34 src/Calculations/Altitude/getAltitude.o
 .debug_macro   0x000086f3       0x28 src/Calculations/Altitude/getAltitude.o
 .debug_macro   0x0000871b       0x22 src/Calculations/Altitude/getAltitude.o
 .debug_macro   0x0000873d       0x9a src/Calculations/Altitude/getAltitude.o
 .debug_macro   0x000087d7      0x109 src/Calculations/Altitude/getAltitude.o
 .debug_macro   0x000088e0       0x40 src/Calculations/Altitude/getAltitude.o
 .debug_macro   0x00008920       0x58 src/Calculations/Altitude/getAltitude.o
 .debug_macro   0x00008978       0x10 src/Calculations/Altitude/getAltitude.o
 .debug_macro   0x00008988       0xf2 src/Calculations/Altitude/getAltitude.o
 .debug_macro   0x00008a7a       0x3a src/Calculations/Altitude/getAltitude.o
 .debug_macro   0x00008ab4       0x22 src/Calculations/Altitude/getAltitude.o
 .debug_macro   0x00008ad6       0x1c src/Calculations/Altitude/getAltitude.o
 .debug_macro   0x00008af2      0x160 src/Calculations/Altitude/getAltitude.o
 .debug_macro   0x00008c52      0x32e src/Calculations/Velocity/getVelocity.o
 .debug_macro   0x00008f80      0x324 src/drivers/SPI/SPI_driver.o
 .debug_macro   0x000092a4      0x34c src/test/testClass.o
 .debug_macro   0x000095f0      0x1d2 src/ASF/common/services/clock/xmega/sysclk.o
 .debug_macro   0x000097c2      0x16d src/ASF/common/utils/stdio/read.o
 .debug_macro   0x0000992f      0x16d src/ASF/common/utils/stdio/write.o
 .debug_macro   0x00009a9c      0x22f src/ASF/xmega/drivers/adc/adc.o
 .debug_macro   0x00009ccb      0x22f src/ASF/xmega/drivers/adc/xmega_aau/adc_aau.o
 .debug_macro   0x00009efa      0x221 src/ASF/xmega/drivers/usart/usart.o
 .debug_macro   0x0000a11b      0x302 src/ASF/xmega/drivers/usart/usart.o
 .debug_macro   0x0000a41d      0x324 src/drivers/ADC/ADC_init.o
 .debug_macro   0x0000a741      0x32e src/drivers/Pressure/getPressure.o
 .debug_macro   0x0000aa6f      0x32d src/drivers/Temperature/getTemperature.o
 .debug_macro   0x0000ad9c      0x31a src/drivers/uart/uart_comms.o
 .debug_macro   0x0000b0b6      0x35c src/main.o
OUTPUT(TEAM2 ONE MONTH CODE.elf elf32-avr)
LOAD linker stubs

.BOOT           0x00020000        0x0
