Archive member included to satisfy reference by file (symbol)

c:/program files (x86)/atmel/studio/7.0/toolchain/avr8/avr8-gnu-toolchain/bin/../lib/gcc/avr/4.9.2/../../../../avr/lib/avrxmega7\libm.a(addsf3.o)
                              src/Calculations/Altitude/getAltitude.o (__subsf3)
c:/program files (x86)/atmel/studio/7.0/toolchain/avr8/avr8-gnu-toolchain/bin/../lib/gcc/avr/4.9.2/../../../../avr/lib/avrxmega7\libm.a(addsf3x.o)
                              c:/program files (x86)/atmel/studio/7.0/toolchain/avr8/avr8-gnu-toolchain/bin/../lib/gcc/avr/4.9.2/../../../../avr/lib/avrxmega7\libm.a(addsf3.o) (__addsf3x)
c:/program files (x86)/atmel/studio/7.0/toolchain/avr8/avr8-gnu-toolchain/bin/../lib/gcc/avr/4.9.2/../../../../avr/lib/avrxmega7\libm.a(cmpsf2.o)
                              src/main.o (__ltsf2)
c:/program files (x86)/atmel/studio/7.0/toolchain/avr8/avr8-gnu-toolchain/bin/../lib/gcc/avr/4.9.2/../../../../avr/lib/avrxmega7\libm.a(divsf3.o)
                              src/Calculations/Altitude/getAltitude.o (__divsf3)
c:/program files (x86)/atmel/studio/7.0/toolchain/avr8/avr8-gnu-toolchain/bin/../lib/gcc/avr/4.9.2/../../../../avr/lib/avrxmega7\libm.a(divsf3x.o)
                              c:/program files (x86)/atmel/studio/7.0/toolchain/avr8/avr8-gnu-toolchain/bin/../lib/gcc/avr/4.9.2/../../../../avr/lib/avrxmega7\libm.a(divsf3.o) (__divsf3x)
c:/program files (x86)/atmel/studio/7.0/toolchain/avr8/avr8-gnu-toolchain/bin/../lib/gcc/avr/4.9.2/../../../../avr/lib/avrxmega7\libm.a(fixsfdi.o)
                              src/drivers/Outputs/Buzzer/Buzzer_driver.o (__fixunssfdi)
c:/program files (x86)/atmel/studio/7.0/toolchain/avr8/avr8-gnu-toolchain/bin/../lib/gcc/avr/4.9.2/../../../../avr/lib/avrxmega7\libm.a(fixunssfsi.o)
                              src/test/testClass.o (__fixunssfsi)
c:/program files (x86)/atmel/studio/7.0/toolchain/avr8/avr8-gnu-toolchain/bin/../lib/gcc/avr/4.9.2/../../../../avr/lib/avrxmega7\libm.a(floatsisf.o)
                              src/Calculations/Velocity/getVelocity.o (__floatunsisf)
c:/program files (x86)/atmel/studio/7.0/toolchain/avr8/avr8-gnu-toolchain/bin/../lib/gcc/avr/4.9.2/../../../../avr/lib/avrxmega7\libm.a(floatundisf.o)
                              src/drivers/Outputs/Buzzer/Buzzer_driver.o (__floatundisf)
c:/program files (x86)/atmel/studio/7.0/toolchain/avr8/avr8-gnu-toolchain/bin/../lib/gcc/avr/4.9.2/../../../../avr/lib/avrxmega7\libm.a(fp_cmp.o)
                              c:/program files (x86)/atmel/studio/7.0/toolchain/avr8/avr8-gnu-toolchain/bin/../lib/gcc/avr/4.9.2/../../../../avr/lib/avrxmega7\libm.a(cmpsf2.o) (__fp_cmp)
c:/program files (x86)/atmel/studio/7.0/toolchain/avr8/avr8-gnu-toolchain/bin/../lib/gcc/avr/4.9.2/../../../../avr/lib/avrxmega7\libm.a(fp_inf.o)
                              c:/program files (x86)/atmel/studio/7.0/toolchain/avr8/avr8-gnu-toolchain/bin/../lib/gcc/avr/4.9.2/../../../../avr/lib/avrxmega7\libm.a(addsf3x.o) (__fp_inf)
c:/program files (x86)/atmel/studio/7.0/toolchain/avr8/avr8-gnu-toolchain/bin/../lib/gcc/avr/4.9.2/../../../../avr/lib/avrxmega7\libm.a(fp_nan.o)
                              c:/program files (x86)/atmel/studio/7.0/toolchain/avr8/avr8-gnu-toolchain/bin/../lib/gcc/avr/4.9.2/../../../../avr/lib/avrxmega7\libm.a(addsf3x.o) (__fp_nan)
c:/program files (x86)/atmel/studio/7.0/toolchain/avr8/avr8-gnu-toolchain/bin/../lib/gcc/avr/4.9.2/../../../../avr/lib/avrxmega7\libm.a(fp_negdi.o)
                              c:/program files (x86)/atmel/studio/7.0/toolchain/avr8/avr8-gnu-toolchain/bin/../lib/gcc/avr/4.9.2/../../../../avr/lib/avrxmega7\libm.a(fixsfdi.o) (__fp_negdi)
c:/program files (x86)/atmel/studio/7.0/toolchain/avr8/avr8-gnu-toolchain/bin/../lib/gcc/avr/4.9.2/../../../../avr/lib/avrxmega7\libm.a(fp_pscA.o)
                              c:/program files (x86)/atmel/studio/7.0/toolchain/avr8/avr8-gnu-toolchain/bin/../lib/gcc/avr/4.9.2/../../../../avr/lib/avrxmega7\libm.a(addsf3x.o) (__fp_pscA)
c:/program files (x86)/atmel/studio/7.0/toolchain/avr8/avr8-gnu-toolchain/bin/../lib/gcc/avr/4.9.2/../../../../avr/lib/avrxmega7\libm.a(fp_pscB.o)
                              c:/program files (x86)/atmel/studio/7.0/toolchain/avr8/avr8-gnu-toolchain/bin/../lib/gcc/avr/4.9.2/../../../../avr/lib/avrxmega7\libm.a(addsf3x.o) (__fp_pscB)
c:/program files (x86)/atmel/studio/7.0/toolchain/avr8/avr8-gnu-toolchain/bin/../lib/gcc/avr/4.9.2/../../../../avr/lib/avrxmega7\libm.a(fp_round.o)
                              c:/program files (x86)/atmel/studio/7.0/toolchain/avr8/avr8-gnu-toolchain/bin/../lib/gcc/avr/4.9.2/../../../../avr/lib/avrxmega7\libm.a(addsf3.o) (__fp_round)
c:/program files (x86)/atmel/studio/7.0/toolchain/avr8/avr8-gnu-toolchain/bin/../lib/gcc/avr/4.9.2/../../../../avr/lib/avrxmega7\libm.a(fp_split3.o)
[...]
Memory Configuration

Name             Origin             Length             Attributes
text             0x00000000         0x00100000         xr
data             0x00802000         0x0000ffa0         rw !x
eeprom           0x00810000         0x00010000         rw !x
fuse             0x00820000         0x00000400         rw !x
lock             0x00830000         0x00000400         rw !x
signature        0x00840000         0x00000400         rw !x
user_signatures  0x00850000         0x00000400         rw !x
*default*        0x00000000         0xffffffff

Linker script and memory map

LOAD C:/Program Files (x86)/Atmel/Studio/7.0/Packs/atmel/XMEGAA_DFP/1.0.39/gcc/dev/atxmega128a1/avrxmega7/crtatxmega128a1.o
LOAD src/ASF/xmega/drivers/rtc/rtc.o
LOAD src/ASF/xmega/drivers/spi/spi.o
LOAD src/Calculations/Altitude/getAltitude.o
LOAD src/Calculations/Velocity/getVelocity.o
LOAD src/drivers/Outputs/Buzzer/Buzzer_driver.o
LOAD src/drivers/Outputs/LED/LED_driver.o
LOAD src/drivers/Outputs/Motor/Motor_driver.o
LOAD src/test/testClass.o
LOAD src/ASF/common/services/clock/xmega/sysclk.o
LOAD src/ASF/common/services/ioport/xmega/ioport_compat.o
LOAD src/ASF/common/services/serial/usart_serial.o
LOAD src/ASF/common/services/sleepmgr/xmega/sleepmgr.o
LOAD src/ASF/common/utils/stdio/read.o
LOAD src/ASF/common/utils/stdio/write.o
LOAD src/ASF/xmega/boards/xmega_a1_xplained/init.o
LOAD src/ASF/xmega/drivers/adc/adc.o
LOAD src/ASF/xmega/drivers/adc/xmega_aau/adc_aau.o
LOAD src/ASF/xmega/drivers/cpu/ccp.o
LOAD src/ASF/xmega/drivers/nvm/nvm.o
LOAD src/ASF/xmega/drivers/nvm/nvm_asm.o
LOAD src/ASF/xmega/drivers/usart/usart.o
LOAD src/drivers/ADC/ADC_init.o
LOAD src/drivers/Pressure/getPressure.o
LOAD src/drivers/Temperature/getTemperature.o
LOAD src/drivers/timerCounter/timer_counter_init.o
LOAD src/drivers/uart/uart_comms.o
LOAD src/main.o
START GROUP
LOAD c:/program files (x86)/atmel/studio/7.0/toolchain/avr8/avr8-gnu-toolchain/bin/../lib/gcc/avr/4.9.2/../../../../avr/lib/avrxmega7\libm.a
END GROUP
Address of section .BOOT set to 0x20000
START GROUP
LOAD c:/program files (x86)/atmel/studio/7.0/toolchain/avr8/avr8-gnu-toolchain/bin/../lib/gcc/avr/4.9.2/avrxmega7\libgcc.a
LOAD c:/program files (x86)/atmel/studio/7.0/toolchain/avr8/avr8-gnu-toolchain/bin/../lib/gcc/avr/4.9.2/../../../../avr/lib/avrxmega7\libm.a
LOAD c:/program files (x86)/atmel/studio/7.0/toolchain/avr8/avr8-gnu-toolchain/bin/../lib/gcc/avr/4.9.2/../../../../avr/lib/avrxmega7\libc.a
LOAD C:/Program Files (x86)/Atmel/Studio/7.0/Packs/atmel/XMEGAA_DFP/1.0.39/gcc/dev/atxmega128a1/avrxmega7\libatxmega128a1.a
END GROUP
                0x00100000                __TEXT_REGION_LENGTH__ = DEFINED (__TEXT_REGION_LENGTH__)?__TEXT_REGION_LENGTH__:0x100000
                0x0000ffa0                __DATA_REGION_LENGTH__ = DEFINED (__DATA_REGION_LENGTH__)?__DATA_REGION_LENGTH__:0xffa0
                0x00010000                __EEPROM_REGION_LENGTH__ = DEFINED (__EEPROM_REGION_LENGTH__)?__EEPROM_REGION_LENGTH__:0x10000
                0x00000400                __FUSE_REGION_LENGTH__ = DEFINED (__FUSE_REGION_LENGTH__)?__FUSE_REGION_LENGTH__:0x400
                0x00000400                __LOCK_REGION_LENGTH__ = DEFINED (__LOCK_REGION_LENGTH__)?__LOCK_REGION_LENGTH__:0x400
                0x00000400                __SIGNATURE_REGION_LENGTH__ = DEFINED (__SIGNATURE_REGION_LENGTH__)?__SIGNATURE_REGION_LENGTH__:0x400
                0x00000400                __USER_SIGNATURE_REGION_LENGTH__ = DEFINED (__USER_SIGNATURE_REGION_LENGTH__)?__USER_SIGNATURE_REGION_LENGTH__:0x400

.hash
 *(.hash)

.dynsym
 *(.dynsym)

.dynstr
 *(.dynstr)

.gnu.version
 *(.gnu.version)

.gnu.version_d
 *(.gnu.version_d)

.gnu.version_r
 *(.gnu.version_r)

.rel.init
 *(.rel.init)

.rela.init
 *(.rela.init)

.rel.text
 *(.rel.text)
 *(.rel.text.*)
 *(.rel.gnu.linkonce.t*)

.rela.text
 *(.rela.text)
 *(.rela.text.*)
 *(.rela.gnu.linkonce.t*)

.rel.fini
 *(.rel.fini)

.rela.fini
 *(.rela.fini)

.rel.rodata
 *(.rel.rodata)
 *(.rel.rodata.*)
 *(.rel.gnu.linkonce.r*)

.rela.rodata
 *(.rela.rodata)
 *(.rela.rodata.*)
 *(.rela.gnu.linkonce.r*)

.rel.data
 *(.rel.data)
 *(.rel.data.*)
 *(.rel.gnu.linkonce.d*)

.rela.data
 *(.rela.data)
 *(.rela.data.*)
 *(.rela.gnu.linkonce.d*)

.rel.ctors
 *(.rel.ctors)

.rela.ctors
 *(.rela.ctors)

.rel.dtors
 *(.rel.dtors)

.rela.dtors
 *(.rela.dtors)

.rel.got
 *(.rel.got)

.rela.got
 *(.rela.got)

.rel.bss
 *(.rel.bss)

.rela.bss
 *(.rela.bss)

.rel.plt
 *(.rel.plt)

.rela.plt
 *(.rela.plt)

.text           0x00000000     0x280c
 *(.vectors)
 .vectors       0x00000000      0x1f4 C:/Program Files (x86)/Atmel/Studio/7.0/Packs/atmel/XMEGAA_DFP/1.0.39/gcc/dev/atxmega128a1/avrxmega7/crtatxmega128a1.o
                0x00000000                __vector_default
                0x00000000                __vectors
 *(.vectors)
 *(.progmem.gcc*)
 .progmem.gcc_fplib
                0x000001f4       0x5a c:/program files (x86)/atmel/studio/7.0/toolchain/avr8/avr8-gnu-toolchain/bin/../lib/gcc/avr/4.9.2/../../../../avr/lib/avrxmega7\libm.a(log.o)
                0x0000024e                . = ALIGN (0x2)
                0x0000024e                __trampolines_start = .
 *(.trampolines)
 .trampolines   0x0000024e        0x0 linker stubs
 *(.trampolines*)
                0x0000024e                __trampolines_end = .
 *libprintf_flt.a:*(.progmem.data)
 *libc.a:*(.progmem.data)
 *(.progmem*)
                0x0000024e                . = ALIGN (0x2)
 *(.jumptables)
 *(.jumptables*)
 *(.lowtext)
 *(.lowtext*)
                0x0000024e                __ctors_start = .
 *(.ctors)
                0x0000024e                __ctors_end = .
                0x0000024e                __dtors_start = .
 *(.dtors)
                0x0000024e                __dtors_end = .
 SORT(*)(.ctors)
 SORT(*)(.dtors)
 *(.init0)
 .init0         0x0000024e        0x0 C:/Program Files (x86)/Atmel/Studio/7.0/Packs/atmel/XMEGAA_DFP/1.0.39/gcc/dev/atxmega128a1/avrxmega7/crtatxmega128a1.o
                0x0000024e                __init
 *(.init0)
 *(.init1)
 *(.init1)
 *(.init2)
 .init2         0x0000024e       0x18 C:/Program Files (x86)/Atmel/Studio/7.0/Packs/atmel/XMEGAA_DFP/1.0.39/gcc/dev/atxmega128a1/avrxmega7/crtatxmega128a1.o
 *(.init2)
 *(.init3)
 *(.init3)
 *(.init4)
 .init4         0x00000266       0x1c c:/program files (x86)/atmel/studio/7.0/toolchain/avr8/avr8-gnu-toolchain/bin/../lib/gcc/avr/4.9.2/avrxmega7\libgcc.a(_copy_data.o)
                0x00000266                __do_copy_data
 .init4         0x00000282       0x10 c:/program files (x86)/atmel/studio/7.0/toolchain/avr8/avr8-gnu-toolchain/bin/../lib/gcc/avr/4.9.2/avrxmega7\libgcc.a(_clear_bss.o)
                0x00000282                __do_clear_bss
 *(.init4)
 *(.init5)
 *(.init5)
 *(.init6)
 *(.init6)
 *(.init7)
 *(.init7)
 *(.init8)
 *(.init8)
 *(.init9)
 .init9         0x00000292        0x8 C:/Program Files (x86)/Atmel/Studio/7.0/Packs/atmel/XMEGAA_DFP/1.0.39/gcc/dev/atxmega128a1/avrxmega7/crtatxmega128a1.o
 *(.init9)
 *(.text)
 .text          0x0000029a        0x2 C:/Program Files (x86)/Atmel/Studio/7.0/Packs/atmel/XMEGAA_DFP/1.0.39/gcc/dev/atxmega128a1/avrxmega7/crtatxmega128a1.o
                0x0000029a                __vector_38
                0x0000029a                __vector_104
                0x0000029a                __vector_22
                0x0000029a                __vector_63
                0x0000029a                __vector_28
                0x0000029a                __vector_67
                0x0000029a                __vector_1
                0x0000029a                __vector_119
                0x0000029a                __vector_32
                0x0000029a                __vector_75
                0x0000029a                __vector_91
                0x0000029a                __vector_34
                0x0000029a                __vector_62
                0x0000029a                __vector_77
                0x0000029a                __vector_102
                0x0000029a                __vector_24
                0x0000029a                __vector_12
                0x0000029a                __vector_55
                0x0000029a                __vector_69
                0x0000029a                __vector_81
                0x0000029a                __vector_90
                0x0000029a                __vector_46
                0x0000029a                __bad_interrupt
                0x0000029a                __vector_122
                0x0000029a                __vector_114
                0x0000029a                __vector_6
                0x0000029a                __vector_110
                0x0000029a                __vector_31
                0x0000029a                __vector_92
                0x0000029a                __vector_35
                0x0000029a                __vector_78
                0x0000029a                __vector_117
                0x0000029a                __vector_107
                0x0000029a                __vector_3
                0x0000029a                __vector_105
                0x0000029a                __vector_98
                0x0000029a                __vector_23
                0x0000029a                __vector_68
                0x0000029a                __vector_30
                0x0000029a                __vector_45
                0x0000029a                __vector_25
                0x0000029a                __vector_93
                0x0000029a                __vector_61
                0x0000029a                __vector_54
                0x0000029a                __vector_99
                0x0000029a                __vector_13
                0x0000029a                __vector_17
                0x0000029a                __vector_19
                0x0000029a                __vector_56
                0x0000029a                __vector_7
                0x0000029a                __vector_49
                0x0000029a                __vector_123
                0x0000029a                __vector_86
                0x0000029a                __vector_100
                0x0000029a                __vector_101
                0x0000029a                __vector_64
                0x0000029a                __vector_88
                0x0000029a                __vector_109
                0x0000029a                __vector_43
                0x0000029a                __vector_27
                0x0000029a                __vector_5
                0x0000029a                __vector_113
                0x0000029a                __vector_33
                0x0000029a                __vector_76
                0x0000029a                __vector_115
                0x0000029a                __vector_47
                0x0000029a                __vector_52
                0x0000029a                __vector_37
                0x0000029a                __vector_95
                0x0000029a                __vector_103
                0x0000029a                __vector_96
                0x0000029a                __vector_89
                0x0000029a                __vector_108
                0x0000029a                __vector_4
                0x0000029a                __vector_44
                0x0000029a                __vector_82
                0x0000029a                __vector_106
                0x0000029a                __vector_118
                0x0000029a                __vector_51
                0x0000029a                __vector_9
                0x0000029a                __vector_2
                0x0000029a                __vector_21
                0x0000029a                __vector_15
                0x0000029a                __vector_66
                0x0000029a                __vector_36
                0x0000029a                __vector_79
                0x0000029a                __vector_58
                0x0000029a                __vector_70
                0x0000029a                __vector_83
                0x0000029a                __vector_29
                0x0000029a                __vector_60
                0x0000029a                __vector_121
                0x0000029a                __vector_85
                0x0000029a                __vector_94
                0x0000029a                __vector_8
                0x0000029a                __vector_26
                0x0000029a                __vector_48
                0x0000029a                __vector_124
                0x0000029a                __vector_116
                0x0000029a                __vector_112
                0x0000029a                __vector_111
                0x0000029a                __vector_80
                0x0000029a                __vector_14
                0x0000029a                __vector_84
                0x0000029a                __vector_57
                0x0000029a                __vector_53
                0x0000029a                __vector_50
                0x0000029a                __vector_16
                0x0000029a                __vector_59
                0x0000029a                __vector_18
                0x0000029a                __vector_97
                0x0000029a                __vector_20
                0x0000029a                __vector_87
                0x0000029a                __vector_65
                0x0000029a                __vector_120
                0x0000029c                . = ALIGN (0x2)
 *(.text.*)
 .text.rtc_get_time
                0x0000029c       0x58 src/ASF/xmega/drivers/rtc/rtc.o
                0x0000029c                rtc_get_time
 .text.rtc_init
                0x000002f4       0x34 src/ASF/xmega/drivers/rtc/rtc.o
                0x000002f4                rtc_init
 .text.__vector_10
                0x00000328       0x46 src/ASF/xmega/drivers/rtc/rtc.o
                0x00000328                __vector_10
 .text.__vector_11
                0x0000036e      0x108 src/ASF/xmega/drivers/rtc/rtc.o
                0x0000036e                __vector_11
 .text.buzzer   0x00000476       0x3c src/drivers/Outputs/Buzzer/Buzzer_driver.o
                0x00000476                buzzer
 .text.frequency
                0x000004b2       0x76 src/drivers/Outputs/Buzzer/Buzzer_driver.o
                0x000004b2                frequency
 .text.playMusic
                0x00000528      0x24e src/drivers/Outputs/Buzzer/Buzzer_driver.o
                0x00000528                playMusic
 .text.setup    0x00000776       0x70 src/drivers/Outputs/Buzzer/Buzzer_driver.o
                0x00000776                setup
 .text.LED      0x000007e6       0x2c src/drivers/Outputs/LED/LED_driver.o
                0x000007e6                LED
 .text.lightChase
                0x00000812       0xfc src/test/testClass.o
                0x00000812                lightChase
 .text.test     0x0000090e       0x48 src/test/testClass.o
                0x0000090e                test
 .text.sysclk_init
                0x00000956       0x54 src/ASF/common/services/clock/xmega/sysclk.o
                0x00000956                sysclk_init
 .text.sysclk_enable_module
                0x000009aa       0x18 src/ASF/common/services/clock/xmega/sysclk.o
                0x000009aa                sysclk_enable_module
 .text._read    0x000009c2       0x32 src/ASF/common/utils/stdio/read.o
                0x000009c2                _read
 .text._write   0x000009f4       0x24 src/ASF/common/utils/stdio/write.o
                0x000009f4                _write
 .text.__vector_71
                0x00000a18       0x7a src/ASF/xmega/drivers/adc/xmega_aau/adc_aau.o
                0x00000a18                __vector_71
 .text.__vector_72
                0x00000a92       0x7a src/ASF/xmega/drivers/adc/xmega_aau/adc_aau.o
                0x00000a92                __vector_72
 .text.__vector_73
                0x00000b0c       0x7a src/ASF/xmega/drivers/adc/xmega_aau/adc_aau.o
                0x00000b0c                __vector_73
 .text.__vector_74
                0x00000b86       0x7a src/ASF/xmega/drivers/adc/xmega_aau/adc_aau.o
                0x00000b86                __vector_74
 .text.__vector_39
                0x00000c00       0x7a src/ASF/xmega/drivers/adc/xmega_aau/adc_aau.o
                0x00000c00                __vector_39
 .text.__vector_40
                0x00000c7a       0x7a src/ASF/xmega/drivers/adc/xmega_aau/adc_aau.o
                0x00000c7a                __vector_40
 .text.__vector_41
                0x00000cf4       0x7a src/ASF/xmega/drivers/adc/xmega_aau/adc_aau.o
                0x00000cf4                __vector_41
 .text.__vector_42
                0x00000d6e       0x7a src/ASF/xmega/drivers/adc/xmega_aau/adc_aau.o
                0x00000d6e                __vector_42
 .text.ccp_write_io
                0x00000de8        0xc src/ASF/xmega/drivers/cpu/ccp.o
                0x00000de8                ccp_write_io
 .text.nvm_read_byte
                0x00000df4       0x14 src/ASF/xmega/drivers/nvm/nvm_asm.o
                0x00000df4                nvm_read_byte
 .text.usart_putchar
                0x00000e08       0x10 src/ASF/xmega/drivers/usart/usart.o
                0x00000e08                usart_putchar
 .text.usart_getchar
                0x00000e18        0xc src/ASF/xmega/drivers/usart/usart.o
                0x00000e18                usart_getchar
 .text.usart_set_baudrate
                0x00000e24      0x22a src/ASF/xmega/drivers/usart/usart.o
                0x00000e24                usart_set_baudrate
 .text.usart_init_rs232
                0x0000104e      0x2c2 src/ASF/xmega/drivers/usart/usart.o
                0x0000104e                usart_init_rs232
 .text.ADC_init
                0x00001310       0x4c src/drivers/ADC/ADC_init.o
                0x00001310                ADC_init
 .text.getTemperature
                0x0000135c      0x14a src/drivers/Temperature/getTemperature.o
                0x0000135c                getTemperature
 .text.TCD0_init
                0x000014a6       0x14 src/drivers/timerCounter/timer_counter_init.o
                0x000014a6                TCD0_init
 .text.usart_serial_getchar
                0x000014ba       0x10 src/drivers/uart/uart_comms.o
 .text.usart_serial_putchar
                0x000014ca        0x4 src/drivers/uart/uart_comms.o
 .text.UART_Comms_Init
                0x000014ce       0x88 src/drivers/uart/uart_comms.o
                0x000014ce                UART_Comms_Init
 .text.sysclk_enable_peripheral_clock
                0x00001556      0x272 src/main.o
 .text.main     0x000017c8       0x5c src/main.o
                0x000017c8                main
 .text.avr-libc.fplib
                0x00001824        0xa c:/program files (x86)/atmel/studio/7.0/toolchain/avr8/avr8-gnu-toolchain/bin/../lib/gcc/avr/4.9.2/../../../../avr/lib/avrxmega7\libm.a(addsf3.o)
                0x00001824                __subsf3
                0x00001826                __addsf3
 .text.avr-libc.fplib
                0x0000182e       0xc0 c:/program files (x86)/atmel/studio/7.0/toolchain/avr8/avr8-gnu-toolchain/bin/../lib/gcc/avr/4.9.2/../../../../avr/lib/avrxmega7\libm.a(addsf3x.o)
                0x00001848                __addsf3x
 .text.avr-libc.fplib
                0x000018ee        0x4 c:/program files (x86)/atmel/studio/7.0/toolchain/avr8/avr8-gnu-toolchain/bin/../lib/gcc/avr/4.9.2/../../../../avr/lib/avrxmega7\libm.a(divsf3.o)
                0x000018ee                __divsf3
 .text.avr-libc.fplib
                0x000018f2       0xcc c:/program files (x86)/atmel/studio/7.0/toolchain/avr8/avr8-gnu-toolchain/bin/../lib/gcc/avr/4.9.2/../../../../avr/lib/avrxmega7\libm.a(divsf3x.o)
                0x00001908                __divsf3x
                0x0000190c                __divsf3_pse
 .text.avr-libc.fplib
                0x000019be       0x74 c:/program files (x86)/atmel/studio/7.0/toolchain/avr8/avr8-gnu-toolchain/bin/../lib/gcc/avr/4.9.2/../../../../avr/lib/avrxmega7\libm.a(fixsfdi.o)
                0x000019be                __fixsfdi
                0x000019c8                __fixunssfdi
 .text.avr-libc.fplib
                0x00001a32       0x7a c:/program files (x86)/atmel/studio/7.0/toolchain/avr8/avr8-gnu-toolchain/bin/../lib/gcc/avr/4.9.2/../../../../avr/lib/avrxmega7\libm.a(floatsisf.o)
                0x00001a32                __floatunsisf
                0x00001a36                __floatsisf
 .text.avr-libc.fplib
                0x00001aac       0x7c c:/program files (x86)/atmel/studio/7.0/toolchain/avr8/avr8-gnu-toolchain/bin/../lib/gcc/avr/4.9.2/../../../../avr/lib/avrxmega7\libm.a(floatundisf.o)
                0x00001aac                __floatundisf
                0x00001aae                __fp_di2sf
 .text.avr-libc.fplib
                0x00001b28        0xc c:/program files (x86)/atmel/studio/7.0/toolchain/avr8/avr8-gnu-toolchain/bin/../lib/gcc/avr/4.9.2/../../../../avr/lib/avrxmega7\libm.a(fp_inf.o)
                0x00001b28                __fp_inf
 .text.avr-libc.fplib
                0x00001b34        0x6 c:/program files (x86)/atmel/studio/7.0/toolchain/avr8/avr8-gnu-toolchain/bin/../lib/gcc/avr/4.9.2/../../../../avr/lib/avrxmega7\libm.a(fp_nan.o)
                0x00001b34                __fp_nan
 .text.avr-libc.fplib
                0x00001b3a       0x20 c:/program files (x86)/atmel/studio/7.0/toolchain/avr8/avr8-gnu-toolchain/bin/../lib/gcc/avr/4.9.2/../../../../avr/lib/avrxmega7\libm.a(fp_negdi.o)
                0x00001b3a                __fp_negdi
 .text.avr-libc.fplib
                0x00001b5a        0xe c:/program files (x86)/atmel/studio/7.0/toolchain/avr8/avr8-gnu-toolchain/bin/../lib/gcc/avr/4.9.2/../../../../avr/lib/avrxmega7\libm.a(fp_pscA.o)
                0x00001b5a                __fp_pscA
 .text.avr-libc.fplib
                0x00001b68        0xe c:/program files (x86)/atmel/studio/7.0/toolchain/avr8/avr8-gnu-toolchain/bin/../lib/gcc/avr/4.9.2/../../../../avr/lib/avrxmega7\libm.a(fp_pscB.o)
                0x00001b68                __fp_pscB
 .text.avr-libc.fplib
                0x00001b76       0x22 c:/program files (x86)/atmel/studio/7.0/toolchain/avr8/avr8-gnu-toolchain/bin/../lib/gcc/avr/4.9.2/../../../../avr/lib/avrxmega7\libm.a(fp_round.o)
                0x00001b76                __fp_round
 .text.avr-libc.fplib
                0x00001b98       0x44 c:/program files (x86)/atmel/studio/7.0/toolchain/avr8/avr8-gnu-toolchain/bin/../lib/gcc/avr/4.9.2/../../../../avr/lib/avrxmega7\libm.a(fp_split3.o)
                0x00001b98                __fp_split3
                0x00001ba8                __fp_splitA
 .text.avr-libc.fplib
                0x00001bdc        0xe c:/program files (x86)/atmel/studio/7.0/toolchain/avr8/avr8-gnu-toolchain/bin/../lib/gcc/avr/4.9.2/../../../../avr/lib/avrxmega7\libm.a(fp_zero.o)
                0x00001bdc                __fp_zero
                0x00001bde                __fp_szero
 .text.avr-libc.fplib
                0x00001bea       0x8a c:/program files (x86)/atmel/studio/7.0/toolchain/avr8/avr8-gnu-toolchain/bin/../lib/gcc/avr/4.9.2/../../../../avr/lib/avrxmega7\libm.a(log.o)
                0x00001bf4                log
 .text.avr-libc.fplib
                0x00001c74        0x4 c:/program files (x86)/atmel/studio/7.0/toolchain/avr8/avr8-gnu-toolchain/bin/../lib/gcc/avr/4.9.2/../../../../avr/lib/avrxmega7\libm.a(mulsf3.o)
                0x00001c74                __mulsf3
 .text.avr-libc.fplib
                0x00001c78       0xc2 c:/program files (x86)/atmel/studio/7.0/toolchain/avr8/avr8-gnu-toolchain/bin/../lib/gcc/avr/4.9.2/../../../../avr/lib/avrxmega7\libm.a(mulsf3x.o)
                0x00001c8c                __mulsf3x
                0x00001c90                __mulsf3_pse
 .text.avr-libc.fplib
                0x00001d3a       0x1c c:/program files (x86)/atmel/studio/7.0/toolchain/avr8/avr8-gnu-toolchain/bin/../lib/gcc/avr/4.9.2/../../../../avr/lib/avrxmega7\libm.a(fp_mpack.o)
                0x00001d3a                __fp_mpack
                0x00001d3e                __fp_mpack_finite
 .text.avr-libc.fplib
                0x00001d56       0x4a c:/program files (x86)/atmel/studio/7.0/toolchain/avr8/avr8-gnu-toolchain/bin/../lib/gcc/avr/4.9.2/../../../../avr/lib/avrxmega7\libm.a(fp_powser.o)
                0x00001d56                __fp_powser
 .text.libgcc.div
                0x00001da0       0x28 c:/program files (x86)/atmel/studio/7.0/toolchain/avr8/avr8-gnu-toolchain/bin/../lib/gcc/avr/4.9.2/avrxmega7\libgcc.a(_udivmodhi4.o)
                0x00001da0                __udivmodhi4
 .text.libgcc.div
                0x00001dc8       0x26 c:/program files (x86)/atmel/studio/7.0/toolchain/avr8/avr8-gnu-toolchain/bin/../lib/gcc/avr/4.9.2/avrxmega7\libgcc.a(_divmodhi4.o)
                0x00001dc8                _div
                0x00001dc8                __divmodhi4
 .text.libgcc.div
                0x00001dee       0x44 c:/program files (x86)/atmel/studio/7.0/toolchain/avr8/avr8-gnu-toolchain/bin/../lib/gcc/avr/4.9.2/avrxmega7\libgcc.a(_udivmodsi4.o)
                0x00001dee                __udivmodsi4
 .text.libgcc.div
                0x00001e32       0x28 c:/program files (x86)/atmel/studio/7.0/toolchain/avr8/avr8-gnu-toolchain/bin/../lib/gcc/avr/4.9.2/avrxmega7\libgcc.a(_divmodsi4.o)
                0x00001e32                __divmodsi4
 .text.libgcc.div
                0x00001e5a       0x10 c:/program files (x86)/atmel/studio/7.0/toolchain/avr8/avr8-gnu-toolchain/bin/../lib/gcc/avr/4.9.2/avrxmega7\libgcc.a(_negsi2.o)
                0x00001e5a                __negsi2
 .text.libgcc.mul
                0x00001e6a       0x92 c:/program files (x86)/atmel/studio/7.0/toolchain/avr8/avr8-gnu-toolchain/bin/../lib/gcc/avr/4.9.2/avrxmega7\libgcc.a(_muldi3.o)
                0x00001e6a                __muldi3
 .text.libgcc.mul
                0x00001efc       0x10 c:/program files (x86)/atmel/studio/7.0/toolchain/avr8/avr8-gnu-toolchain/bin/../lib/gcc/avr/4.9.2/avrxmega7\libgcc.a(_muldi3_6.o)
                0x00001efc                __muldi3_6
 .text.libgcc.mul
                0x00001f0c       0x1e c:/program files (x86)/atmel/studio/7.0/toolchain/avr8/avr8-gnu-toolchain/bin/../lib/gcc/avr/4.9.2/avrxmega7\libgcc.a(_umulhisi3.o)
                0x00001f0c                __umulhisi3
 .text.avr-libc
                0x00001f2a       0x94 c:/program files (x86)/atmel/studio/7.0/toolchain/avr8/avr8-gnu-toolchain/bin/../lib/gcc/avr/4.9.2/../../../../avr/lib/avrxmega7\libc.a(fdevopen.o)
                0x00001f2a                fdevopen
 .text.avr-libc
                0x00001fbe       0x26 c:/program files (x86)/atmel/studio/7.0/toolchain/avr8/avr8-gnu-toolchain/bin/../lib/gcc/avr/4.9.2/../../../../avr/lib/avrxmega7\libc.a(printf.o)
                0x00001fbe                printf
 .text.avr-libc
                0x00001fe4       0x60 c:/program files (x86)/atmel/studio/7.0/toolchain/avr8/avr8-gnu-toolchain/bin/../lib/gcc/avr/4.9.2/../../../../avr/lib/avrxmega7\libc.a(puts.o)
                0x00001fe4                puts
 .text.avr-libc
                0x00002044      0x3d0 c:/program files (x86)/atmel/studio/7.0/toolchain/avr8/avr8-gnu-toolchain/bin/../lib/gcc/avr/4.9.2/../../../../avr/lib/avrxmega7\libc.a(vfprintf_std.o)
                0x00002044                vfprintf
 .text.avr-libc
                0x00002414       0x34 c:/program files (x86)/atmel/studio/7.0/toolchain/avr8/avr8-gnu-toolchain/bin/../lib/gcc/avr/4.9.2/../../../../avr/lib/avrxmega7\libc.a(calloc.o)
                0x00002414                calloc
 .text.avr-libc
                0x00002448      0x25a c:/program files (x86)/atmel/studio/7.0/toolchain/avr8/avr8-gnu-toolchain/bin/../lib/gcc/avr/4.9.2/../../../../avr/lib/avrxmega7\libc.a(malloc.o)
                0x00002448                malloc
                0x00002572                free
 .text.avr-libc
                0x000026a2       0x16 c:/program files (x86)/atmel/studio/7.0/toolchain/avr8/avr8-gnu-toolchain/bin/../lib/gcc/avr/4.9.2/../../../../avr/lib/avrxmega7\libc.a(strnlen_P.o)
                0x000026a2                strnlen_P
 .text.avr-libc
                0x000026b8        0xe c:/program files (x86)/atmel/studio/7.0/toolchain/avr8/avr8-gnu-toolchain/bin/../lib/gcc/avr/4.9.2/../../../../avr/lib/avrxmega7\libc.a(memset.o)
                0x000026b8                memset
 .text.avr-libc
                0x000026c6       0x16 c:/program files (x86)/atmel/studio/7.0/toolchain/avr8/avr8-gnu-toolchain/bin/../lib/gcc/avr/4.9.2/../../../../avr/lib/avrxmega7\libc.a(strnlen.o)
                0x000026c6                strnlen
 .text.avr-libc
                0x000026dc       0x70 c:/program files (x86)/atmel/studio/7.0/toolchain/avr8/avr8-gnu-toolchain/bin/../lib/gcc/avr/4.9.2/../../../../avr/lib/avrxmega7\libc.a(fputc.o)
                0x000026dc                fputc
 .text.avr-libc
                0x0000274c       0xbc c:/program files (x86)/atmel/studio/7.0/toolchain/avr8/avr8-gnu-toolchain/bin/../lib/gcc/avr/4.9.2/../../../../avr/lib/avrxmega7\libc.a(ultoa_invert.o)
                0x0000274c                __ultoa_invert
                0x00002808                . = ALIGN (0x2)
 *(.fini9)
 .fini9         0x00002808        0x0 c:/program files (x86)/atmel/studio/7.0/toolchain/avr8/avr8-gnu-toolchain/bin/../lib/gcc/avr/4.9.2/avrxmega7\libgcc.a(_exit.o)
                0x00002808                _exit
                0x00002808                exit
 *(.fini9)
 *(.fini8)
 *(.fini8)
 *(.fini7)
 *(.fini7)
 *(.fini6)
 *(.fini6)
 *(.fini5)
 *(.fini5)
 *(.fini4)
 *(.fini4)
 *(.fini3)
 *(.fini3)
 *(.fini2)
 *(.fini2)
 *(.fini1)
 *(.fini1)
 *(.fini0)
 .fini0         0x00002808        0x4 c:/program files (x86)/atmel/studio/7.0/toolchain/avr8/avr8-gnu-toolchain/bin/../lib/gcc/avr/4.9.2/avrxmega7\libgcc.a(_exit.o)
 *(.fini0)
                0x0000280c                _etext = .

.data           0x00802000      0x144 load address 0x0000280c
                0x00802000                PROVIDE (__data_start, .)
 *(.data)
 .data          0x00802000        0x6 c:/program files (x86)/atmel/studio/7.0/toolchain/avr8/avr8-gnu-toolchain/bin/../lib/gcc/avr/4.9.2/../../../../avr/lib/avrxmega7\libc.a(malloc.o)
                0x00802000                __malloc_heap_end
                0x00802002                __malloc_heap_start
                0x00802004                __malloc_margin
 *(.data*)
 .data.tempo    0x00802006        0x2 src/drivers/Outputs/Buzzer/Buzzer_driver.o
                0x00802006                tempo
 .data.introTempo
                0x00802008        0x2 src/drivers/Outputs/Buzzer/Buzzer_driver.o
                0x00802008                introTempo
 .data.beats    0x0080200a       0x5c src/drivers/Outputs/Buzzer/Buzzer_driver.o
                0x0080200a                beats
 .data.introBeats
                0x00802066       0x24 src/drivers/Outputs/Buzzer/Buzzer_driver.o
                0x00802066                introBeats
 .data.notes    0x0080208a       0x2f src/drivers/Outputs/Buzzer/Buzzer_driver.o
                0x0080208a                notes
 .data.introNotes
                0x008020b9       0x13 src/drivers/Outputs/Buzzer/Buzzer_driver.o
                0x008020b9                introNotes
 .data.songLength
                0x008020cc        0x2 src/drivers/Outputs/Buzzer/Buzzer_driver.o
                0x008020cc                songLength
 .data.introSongLength
                0x008020ce        0x2 src/drivers/Outputs/Buzzer/Buzzer_driver.o
                0x008020ce                introSongLength
 .data.usart_options.5329
                0x008020d0        0x7 src/drivers/uart/uart_comms.o
 *(.rodata)
 .rodata        0x008020d7       0x21 src/drivers/Outputs/Buzzer/Buzzer_driver.o
 *(.rodata*)
 .rodata.str1.1
                0x008020f8       0x26 src/test/testClass.o
 .rodata.str1.1
                0x0080211e       0x25 src/drivers/Temperature/getTemperature.o
 *(.gnu.linkonce.d*)
                0x00802144                . = ALIGN (0x2)
 *fill*         0x00802143        0x1 
                0x00802144                _edata = .
                0x00802144                PROVIDE (__data_end, .)

.bss            0x00802144       0x29
                0x00802144                PROVIDE (__bss_start, .)
 *(.bss)
 *(.bss*)
 *(COMMON)
 COMMON         0x00802144        0x8 src/ASF/xmega/drivers/rtc/rtc.o
                0x00802144                rtc_data
 COMMON         0x0080214c        0x7 src/test/testClass.o
                0x0080214c                read_adc
                0x0080214e                lightNumber
                0x0080214f                voltage
 COMMON         0x00802153        0x6 src/ASF/common/services/sleepmgr/xmega/sleepmgr.o
                0x00802153                sleepmgr_locks
 COMMON         0x00802159        0x2 src/ASF/common/utils/stdio/read.o
                0x00802159                ptr_get
 COMMON         0x0080215b        0x4 src/ASF/common/utils/stdio/write.o
                0x0080215b                ptr_put
                0x0080215d                stdio_base
 COMMON         0x0080215f        0x4 src/ASF/xmega/drivers/adc/adc.o
                0x0080215f                adcb_callback
                0x00802161                adca_callback
 COMMON         0x00802163        0x6 c:/program files (x86)/atmel/studio/7.0/toolchain/avr8/avr8-gnu-toolchain/bin/../lib/gcc/avr/4.9.2/../../../../avr/lib/avrxmega7\libc.a(iob.o)
                0x00802163                __iob
 COMMON         0x00802169        0x4 c:/program files (x86)/atmel/studio/7.0/toolchain/avr8/avr8-gnu-toolchain/bin/../lib/gcc/avr/4.9.2/../../../../avr/lib/avrxmega7\libc.a(malloc.o)
                0x00802169                __brkval
                0x0080216b                __flp
                0x0080216d                PROVIDE (__bss_end, .)
                0x0000280c                __data_load_start = LOADADDR (.data)
                0x00002950                __data_load_end = (__data_load_start + SIZEOF (.data))

.noinit         0x0080216d        0x0
                [!provide]                PROVIDE (__noinit_start, .)
 *(.noinit*)
                [!provide]                PROVIDE (__noinit_end, .)
                0x0080216d                _end = .
                0x0080216d                PROVIDE (__heap_start, .)

.eeprom         0x00810000        0x0
 *(.eeprom*)
                0x00810000                __eeprom_end = .

.fuse
 *(.fuse)
 *(.lfuse)
 *(.hfuse)
 *(.efuse)

.lock
 *(.lock*)

.signature
 *(.signature*)

.user_signatures
 *(.user_signatures*)

.stab
 *(.stab)

.stabstr
 *(.stabstr)

.stab.excl
 *(.stab.excl)

.stab.exclstr
 *(.stab.exclstr)

.stab.index
 *(.stab.index)

.stab.indexstr
 *(.stab.indexstr)

.comment        0x00000000       0x5c
 *(.comment)
 .comment       0x00000000       0x30 src/ASF/xmega/drivers/rtc/rtc.o
                                 0x31 (size before relaxing)
 .comment       0x00000030       0x31 src/drivers/Outputs/Buzzer/Buzzer_driver.o
 .comment       0x00000030       0x31 src/drivers/Outputs/LED/LED_driver.o
 .comment       0x00000030       0x31 src/test/testClass.o
 .comment       0x00000030       0x31 src/ASF/common/services/clock/xmega/sysclk.o
 .comment       0x00000030       0x31 src/ASF/common/services/sleepmgr/xmega/sleepmgr.o
 .comment       0x00000030       0x31 src/ASF/common/utils/stdio/read.o
 .comment       0x00000030       0x31 src/ASF/common/utils/stdio/write.o
 .comment       0x00000030       0x31 src/ASF/xmega/drivers/adc/adc.o
 .comment       0x00000030       0x31 src/ASF/xmega/drivers/adc/xmega_aau/adc_aau.o
 .comment       0x00000030       0x31 src/ASF/xmega/drivers/usart/usart.o
 .comment       0x00000030       0x31 src/drivers/ADC/ADC_init.o
 .comment       0x00000030       0x31 src/drivers/Temperature/getTemperature.o
 .comment       0x00000030       0x31 src/drivers/timerCounter/timer_counter_init.o
 .comment       0x00000030       0x31 src/drivers/uart/uart_comms.o
 .comment       0x00000030       0x31 src/main.o
 .comment       0x00000030       0x31 c:/program files (x86)/atmel/studio/7.0/toolchain/avr8/avr8-gnu-toolchain/bin/../lib/gcc/avr/4.9.2/../../../../avr/lib/avrxmega7\libc.a(fdevopen.o)
 .comment       0x00000030       0x31 c:/program files (x86)/atmel/studio/7.0/toolchain/avr8/avr8-gnu-toolchain/bin/../lib/gcc/avr/4.9.2/../../../../avr/lib/avrxmega7\libc.a(iob.o)
 .comment       0x00000030       0x31 c:/program files (x86)/atmel/studio/7.0/toolchain/avr8/avr8-gnu-toolchain/bin/../lib/gcc/avr/4.9.2/../../../../avr/lib/avrxmega7\libc.a(printf.o)
 .comment       0x00000030       0x31 c:/program files (x86)/atmel/studio/7.0/toolchain/avr8/avr8-gnu-toolchain/bin/../lib/gcc/avr/4.9.2/../../../../avr/lib/avrxmega7\libc.a(puts.o)
 .comment       0x00000030       0x2c c:/program files (x86)/atmel/studio/7.0/toolchain/avr8/avr8-gnu-toolchain/bin/../lib/gcc/avr/4.9.2/../../../../avr/lib/avrxmega7\libc.a(vfprintf_std.o)
                                 0x2d (size before relaxing)
 .comment       0x0000005c       0x31 c:/program files (x86)/atmel/studio/7.0/toolchain/avr8/avr8-gnu-toolchain/bin/../lib/gcc/avr/4.9.2/../../../../avr/lib/avrxmega7\libc.a(calloc.o)
 .comment       0x0000005c       0x31 c:/program files (x86)/atmel/studio/7.0/toolchain/avr8/avr8-gnu-toolchain/bin/../lib/gcc/avr/4.9.2/../../../../avr/lib/avrxmega7\libc.a(malloc.o)
 .comment       0x0000005c       0x31 c:/program files (x86)/atmel/studio/7.0/toolchain/avr8/avr8-gnu-toolchain/bin/../lib/gcc/avr/4.9.2/../../../../avr/lib/avrxmega7\libc.a(fputc.o)

.note.gnu.avr.deviceinfo
                0x00000000       0x40
 .note.gnu.avr.deviceinfo
                0x00000000       0x40 C:/Program Files (x86)/Atmel/Studio/7.0/Packs/atmel/XMEGAA_DFP/1.0.39/gcc/dev/atxmega128a1/avrxmega7/crtatxmega128a1.o

.note.gnu.build-id
 *(.note.gnu.build-id)

.debug
 *(.debug)

.line
 *(.line)

.debug_srcinfo
 *(.debug_srcinfo)

.debug_sfnames
 *(.debug_sfnames)

.debug_aranges  0x00000000      0x3b0
 *(.debug_aranges)
 .debug_aranges
                0x00000000       0x58 src/ASF/xmega/drivers/rtc/rtc.o
 .debug_aranges
                0x00000058       0x38 src/drivers/Outputs/Buzzer/Buzzer_driver.o
 .debug_aranges
                0x00000090       0x20 src/drivers/Outputs/LED/LED_driver.o
 .debug_aranges
                0x000000b0       0x30 src/test/testClass.o
 .debug_aranges
                0x000000e0       0x30 src/ASF/common/services/clock/xmega/sysclk.o
 .debug_aranges
                0x00000110       0x18 src/ASF/common/services/sleepmgr/xmega/sleepmgr.o
 .debug_aranges
                0x00000128       0x20 src/ASF/common/utils/stdio/read.o
 .debug_aranges
                0x00000148       0x20 src/ASF/common/utils/stdio/write.o
 .debug_aranges
                0x00000168       0x48 src/ASF/xmega/drivers/adc/adc.o
 .debug_aranges
                0x000001b0       0x78 src/ASF/xmega/drivers/adc/xmega_aau/adc_aau.o
 .debug_aranges
                0x00000228       0x20 src/ASF/xmega/drivers/cpu/ccp.o
 .debug_aranges
                0x00000248       0x28 src/ASF/xmega/drivers/nvm/nvm_asm.o
 .debug_aranges
                0x00000270       0x58 src/ASF/xmega/drivers/usart/usart.o
 .debug_aranges
                0x000002c8       0x20 src/drivers/ADC/ADC_init.o
 .debug_aranges
                0x000002e8       0x20 src/drivers/Temperature/getTemperature.o
 .debug_aranges
                0x00000308       0x28 src/drivers/timerCounter/timer_counter_init.o
 .debug_aranges
                0x00000330       0x30 src/drivers/uart/uart_comms.o
 .debug_aranges
                0x00000360       0x50 src/main.o

.debug_pubnames
 *(.debug_pubnames)

.debug_info     0x00000000     0xc94f
 *(.debug_info .gnu.linkonce.wi.*)
 .debug_info    0x00000000      0x6fd src/ASF/xmega/drivers/rtc/rtc.o
 .debug_info    0x000006fd      0xdcc src/drivers/Outputs/Buzzer/Buzzer_driver.o
 .debug_info    0x000014c9      0x960 src/drivers/Outputs/LED/LED_driver.o
 .debug_info    0x00001e29      0xa45 src/test/testClass.o
 .debug_info    0x0000286e      0x6d5 src/ASF/common/services/clock/xmega/sysclk.o
 .debug_info    0x00002f43      0x121 src/ASF/common/services/sleepmgr/xmega/sleepmgr.o
 .debug_info    0x00003064      0x119 src/ASF/common/utils/stdio/read.o
 .debug_info    0x0000317d      0x119 src/ASF/common/utils/stdio/write.o
 .debug_info    0x00003296      0xaa4 src/ASF/xmega/drivers/adc/adc.o
 .debug_info    0x00003d3a      0xe8c src/ASF/xmega/drivers/adc/xmega_aau/adc_aau.o
 .debug_info    0x00004bc6       0x91 src/ASF/xmega/drivers/cpu/ccp.o
 .debug_info    0x00004c57       0x91 src/ASF/xmega/drivers/nvm/nvm_asm.o
 .debug_info    0x00004ce8     0x3287 src/ASF/xmega/drivers/usart/usart.o
 .debug_info    0x00007f6f      0x7ad src/drivers/ADC/ADC_init.o
 .debug_info    0x0000871c      0x6b1 src/drivers/Temperature/getTemperature.o
 .debug_info    0x00008dcd      0x96d src/drivers/timerCounter/timer_counter_init.o
 .debug_info    0x0000973a      0x8c1 src/drivers/uart/uart_comms.o
 .debug_info    0x00009ffb     0x2954 src/main.o

.debug_abbrev   0x00000000     0x22db
 *(.debug_abbrev)
 .debug_abbrev  0x00000000      0x2ca src/ASF/xmega/drivers/rtc/rtc.o
 .debug_abbrev  0x000002ca      0x2b1 src/drivers/Outputs/Buzzer/Buzzer_driver.o
 .debug_abbrev  0x0000057b      0x178 src/drivers/Outputs/LED/LED_driver.o
 .debug_abbrev  0x000006f3      0x2c2 src/test/testClass.o
 .debug_abbrev  0x000009b5      0x25f src/ASF/common/services/clock/xmega/sysclk.o
 .debug_abbrev  0x00000c14       0x80 src/ASF/common/services/sleepmgr/xmega/sleepmgr.o
 .debug_abbrev  0x00000c94       0xc5 src/ASF/common/utils/stdio/read.o
 .debug_abbrev  0x00000d59       0xa7 src/ASF/common/utils/stdio/write.o
 .debug_abbrev  0x00000e00      0x2aa src/ASF/xmega/drivers/adc/adc.o
 .debug_abbrev  0x000010aa      0x32a src/ASF/xmega/drivers/adc/xmega_aau/adc_aau.o
 .debug_abbrev  0x000013d4       0x14 src/ASF/xmega/drivers/cpu/ccp.o
 .debug_abbrev  0x000013e8       0x12 src/ASF/xmega/drivers/nvm/nvm_asm.o
 .debug_abbrev  0x000013fa      0x3df src/ASF/xmega/drivers/usart/usart.o
 .debug_abbrev  0x000017d9      0x217 src/drivers/ADC/ADC_init.o
 .debug_abbrev  0x000019f0      0x1a3 src/drivers/Temperature/getTemperature.o
 .debug_abbrev  0x00001b93      0x181 src/drivers/timerCounter/timer_counter_init.o
 .debug_abbrev  0x00001d14      0x2a7 src/drivers/uart/uart_comms.o
 .debug_abbrev  0x00001fbb      0x320 src/main.o

.debug_line     0x00000000     0x8e53
 *(.debug_line .debug_line.* .debug_line_end)
 .debug_line    0x00000000      0x7c5 src/ASF/xmega/drivers/rtc/rtc.o
 .debug_line    0x000007c5      0xab2 src/drivers/Outputs/Buzzer/Buzzer_driver.o
 .debug_line    0x00001277      0x95b src/drivers/Outputs/LED/LED_driver.o
 .debug_line    0x00001bd2      0xb4d src/test/testClass.o
 .debug_line    0x0000271f      0x5b0 src/ASF/common/services/clock/xmega/sysclk.o
 .debug_line    0x00002ccf      0x455 src/ASF/common/services/sleepmgr/xmega/sleepmgr.o
 .debug_line    0x00003124      0x3d2 src/ASF/common/utils/stdio/read.o
 .debug_line    0x000034f6      0x3d9 src/ASF/common/utils/stdio/write.o
 .debug_line    0x000038cf      0x781 src/ASF/xmega/drivers/adc/adc.o
 .debug_line    0x00004050      0x969 src/ASF/xmega/drivers/adc/xmega_aau/adc_aau.o
 .debug_line    0x000049b9       0x6e src/ASF/xmega/drivers/cpu/ccp.o
 .debug_line    0x00004a27      0x11f src/ASF/xmega/drivers/nvm/nvm_asm.o
 .debug_line    0x00004b46      0xd6a src/ASF/xmega/drivers/usart/usart.o
 .debug_line    0x000058b0      0x99a src/drivers/ADC/ADC_init.o
 .debug_line    0x0000624a      0x99b src/drivers/Temperature/getTemperature.o
 .debug_line    0x00006be5      0x9b8 src/drivers/timerCounter/timer_counter_init.o
 .debug_line    0x0000759d      0x9cc src/drivers/uart/uart_comms.o
 .debug_line    0x00007f69      0xeea src/main.o

.debug_frame    0x00000000      0xae0
 *(.debug_frame)
 .debug_frame   0x00000000      0x124 src/ASF/xmega/drivers/rtc/rtc.o
 .debug_frame   0x00000124       0xc4 src/drivers/Outputs/Buzzer/Buzzer_driver.o
 .debug_frame   0x000001e8       0x24 src/drivers/Outputs/LED/LED_driver.o
 .debug_frame   0x0000020c       0xa0 src/test/testClass.o
 .debug_frame   0x000002ac       0x44 src/ASF/common/services/clock/xmega/sysclk.o
 .debug_frame   0x000002f0       0x34 src/ASF/common/utils/stdio/read.o
 .debug_frame   0x00000324       0x24 src/ASF/common/utils/stdio/write.o
 .debug_frame   0x00000348       0x8c src/ASF/xmega/drivers/adc/adc.o
 .debug_frame   0x000003d4      0x3a4 src/ASF/xmega/drivers/adc/xmega_aau/adc_aau.o
 .debug_frame   0x00000778      0x148 src/ASF/xmega/drivers/usart/usart.o
 .debug_frame   0x000008c0       0x40 src/drivers/ADC/ADC_init.o
 .debug_frame   0x00000900       0x8c src/drivers/Temperature/getTemperature.o
 .debug_frame   0x0000098c       0x40 src/drivers/timerCounter/timer_counter_init.o
 .debug_frame   0x000009cc       0x60 src/drivers/uart/uart_comms.o
 .debug_frame   0x00000a2c       0xb4 src/main.o

.debug_str      0x00000000    0x2a9b1
 *(.debug_str)
 .debug_str     0x00000000    0x27146 src/ASF/xmega/drivers/rtc/rtc.o
                              0x27856 (size before relaxing)
 .debug_str     0x00027146     0x1d64 src/drivers/Outputs/Buzzer/Buzzer_driver.o
                              0x29257 (size before relaxing)
 .debug_str     0x00028eaa       0x33 src/drivers/Outputs/LED/LED_driver.o
                              0x28f8c (size before relaxing)
 .debug_str     0x00028edd      0x1bd src/test/testClass.o
                              0x29161 (size before relaxing)
 .debug_str     0x0002909a      0x197 src/ASF/common/services/clock/xmega/sysclk.o
                              0x273b5 (size before relaxing)
 .debug_str     0x00029231       0x35 src/ASF/common/services/sleepmgr/xmega/sleepmgr.o
                              0x258f9 (size before relaxing)
 .debug_str     0x00029266       0x2b src/ASF/common/utils/stdio/read.o
                              0x25554 (size before relaxing)
 .debug_str     0x00029291       0x2d src/ASF/common/utils/stdio/write.o
                              0x25556 (size before relaxing)
 .debug_str     0x000292be      0x214 src/ASF/xmega/drivers/adc/adc.o
                              0x27d4f (size before relaxing)
 .debug_str     0x000294d2      0x4cb src/ASF/xmega/drivers/adc/xmega_aau/adc_aau.o
                              0x27f02 (size before relaxing)
 .debug_str     0x0002999d      0xa1d src/ASF/xmega/drivers/usart/usart.o
                              0x2889d (size before relaxing)
 .debug_str     0x0002a3ba       0x34 src/drivers/ADC/ADC_init.o
                              0x29132 (size before relaxing)
 .debug_str     0x0002a3ee      0x3c3 src/drivers/Temperature/getTemperature.o
                              0x2919d (size before relaxing)
 .debug_str     0x0002a7b1       0x5c src/drivers/timerCounter/timer_counter_init.o
                              0x28fa8 (size before relaxing)
 .debug_str     0x0002a80d       0xd3 src/drivers/uart/uart_comms.o
                              0x290d5 (size before relaxing)
 .debug_str     0x0002a8e0       0xd1 src/main.o
                              0x298d8 (size before relaxing)

.debug_loc      0x00000000     0x36ee
 *(.debug_loc)
 .debug_loc     0x00000000      0x23b src/ASF/xmega/drivers/rtc/rtc.o
 .debug_loc     0x0000023b      0x4e6 src/drivers/Outputs/Buzzer/Buzzer_driver.o
 .debug_loc     0x00000721       0x2c src/drivers/Outputs/LED/LED_driver.o
 .debug_loc     0x0000074d      0x26a src/test/testClass.o
 .debug_loc     0x000009b7      0x183 src/ASF/common/services/clock/xmega/sysclk.o
 .debug_loc     0x00000b3a       0x6e src/ASF/common/utils/stdio/read.o
 .debug_loc     0x00000ba8       0x52 src/ASF/common/utils/stdio/write.o
 .debug_loc     0x00000bfa      0x216 src/ASF/xmega/drivers/adc/adc.o
 .debug_loc     0x00000e10      0xd66 src/ASF/xmega/drivers/adc/xmega_aau/adc_aau.o
 .debug_loc     0x00001b76     0x10ba src/ASF/xmega/drivers/usart/usart.o
 .debug_loc     0x00002c30       0x6e src/drivers/ADC/ADC_init.o
 .debug_loc     0x00002c9e      0x220 src/drivers/Temperature/getTemperature.o
 .debug_loc     0x00002ebe       0x7f src/drivers/timerCounter/timer_counter_init.o
 .debug_loc     0x00002f3d      0x119 src/drivers/uart/uart_comms.o
 .debug_loc     0x00003056      0x698 src/main.o

.debug_macinfo
 *(.debug_macinfo)

.debug_weaknames
 *(.debug_weaknames)

.debug_funcnames
 *(.debug_funcnames)

.debug_typenames
 *(.debug_typenames)

.debug_varnames
 *(.debug_varnames)

.debug_pubtypes
 *(.debug_pubtypes)

.debug_ranges   0x00000000      0x2e8
 *(.debug_ranges)
 .debug_ranges  0x00000000       0x48 src/ASF/xmega/drivers/rtc/rtc.o
 .debug_ranges  0x00000048       0x28 src/drivers/Outputs/Buzzer/Buzzer_driver.o
 .debug_ranges  0x00000070       0x10 src/drivers/Outputs/LED/LED_driver.o
 .debug_ranges  0x00000080       0x50 src/test/testClass.o
 .debug_ranges  0x000000d0       0x20 src/ASF/common/services/clock/xmega/sysclk.o
 .debug_ranges  0x000000f0       0x10 src/ASF/common/utils/stdio/read.o
 .debug_ranges  0x00000100       0x10 src/ASF/common/utils/stdio/write.o
 .debug_ranges  0x00000110       0x38 src/ASF/xmega/drivers/adc/adc.o
 .debug_ranges  0x00000148       0x68 src/ASF/xmega/drivers/adc/xmega_aau/adc_aau.o
 .debug_ranges  0x000001b0       0x20 src/ASF/xmega/drivers/nvm/nvm_asm.o
 .debug_ranges  0x000001d0       0x80 src/ASF/xmega/drivers/usart/usart.o
 .debug_ranges  0x00000250       0x10 src/drivers/ADC/ADC_init.o
 .debug_ranges  0x00000260       0x10 src/drivers/Temperature/getTemperature.o
 .debug_ranges  0x00000270       0x18 src/drivers/timerCounter/timer_counter_init.o
 .debug_ranges  0x00000288       0x20 src/drivers/uart/uart_comms.o
 .debug_ranges  0x000002a8       0x40 src/main.o

.debug_macro    0x00000000     0xaf4f
 *(.debug_macro)
 .debug_macro   0x00000000      0x227 src/ASF/xmega/drivers/rtc/rtc.o
 .debug_macro   0x00000227      0xa90 src/ASF/xmega/drivers/rtc/rtc.o
 .debug_macro   0x00000cb7       0x10 src/ASF/xmega/drivers/rtc/rtc.o
 .debug_macro   0x00000cc7      0x1c9 src/ASF/xmega/drivers/rtc/rtc.o
 .debug_macro   0x00000e90      0x2fc src/ASF/xmega/drivers/rtc/rtc.o
 .debug_macro   0x0000118c       0x9e src/ASF/xmega/drivers/rtc/rtc.o
 .debug_macro   0x0000122a     0x53d7 src/ASF/xmega/drivers/rtc/rtc.o
 .debug_macro   0x00006601       0x9a src/ASF/xmega/drivers/rtc/rtc.o
 .debug_macro   0x0000669b       0xf1 src/ASF/xmega/drivers/rtc/rtc.o
 .debug_macro   0x0000678c       0x34 src/ASF/xmega/drivers/rtc/rtc.o
 .debug_macro   0x000067c0       0x10 src/ASF/xmega/drivers/rtc/rtc.o
 .debug_macro   0x000067d0       0x18 src/ASF/xmega/drivers/rtc/rtc.o
 .debug_macro   0x000067e8       0x5e src/ASF/xmega/drivers/rtc/rtc.o
 .debug_macro   0x00006846       0x10 src/ASF/xmega/drivers/rtc/rtc.o
 .debug_macro   0x00006856       0x22 src/ASF/xmega/drivers/rtc/rtc.o
 .debug_macro   0x00006878      0x166 src/ASF/xmega/drivers/rtc/rtc.o
 .debug_macro   0x000069de       0x1c src/ASF/xmega/drivers/rtc/rtc.o
 .debug_macro   0x000069fa       0x35 src/ASF/xmega/drivers/rtc/rtc.o
 .debug_macro   0x00006a2f       0x66 src/ASF/xmega/drivers/rtc/rtc.o
 .debug_macro   0x00006a95      0x621 src/ASF/xmega/drivers/rtc/rtc.o
 .debug_macro   0x000070b6       0x97 src/ASF/xmega/drivers/rtc/rtc.o
 .debug_macro   0x0000714d       0x17 src/ASF/xmega/drivers/rtc/rtc.o
 .debug_macro   0x00007164      0x250 src/ASF/xmega/drivers/rtc/rtc.o
 .debug_macro   0x000073b4       0x76 src/ASF/xmega/drivers/rtc/rtc.o
 .debug_macro   0x0000742a       0x16 src/ASF/xmega/drivers/rtc/rtc.o
 .debug_macro   0x00007440      0x6e3 src/ASF/xmega/drivers/rtc/rtc.o
 .debug_macro   0x00007b23       0x10 src/ASF/xmega/drivers/rtc/rtc.o
 .debug_macro   0x00007b33      0x175 src/ASF/xmega/drivers/rtc/rtc.o
 .debug_macro   0x00007ca8       0x40 src/ASF/xmega/drivers/rtc/rtc.o
 .debug_macro   0x00007ce8       0x69 src/ASF/xmega/drivers/rtc/rtc.o
 .debug_macro   0x00007d51       0x32 src/ASF/xmega/drivers/rtc/rtc.o
 .debug_macro   0x00007d83       0xe4 src/ASF/xmega/drivers/rtc/rtc.o
 .debug_macro   0x00007e67       0x22 src/ASF/xmega/drivers/rtc/rtc.o
 .debug_macro   0x00007e89      0x279 src/ASF/xmega/drivers/rtc/rtc.o
 .debug_macro   0x00008102      0x17c src/ASF/xmega/drivers/rtc/rtc.o
 .debug_macro   0x0000827e       0x82 src/ASF/xmega/drivers/rtc/rtc.o
 .debug_macro   0x00008300       0x2f src/ASF/xmega/drivers/rtc/rtc.o
 .debug_macro   0x0000832f      0x13f src/ASF/xmega/drivers/rtc/rtc.o
 .debug_macro   0x0000846e       0x10 src/ASF/xmega/drivers/rtc/rtc.o
 .debug_macro   0x0000847e       0x42 src/ASF/xmega/drivers/rtc/rtc.o
 .debug_macro   0x000084c0       0x1c src/ASF/xmega/drivers/rtc/rtc.o
 .debug_macro   0x000084dc      0x34b src/drivers/Outputs/Buzzer/Buzzer_driver.o
 .debug_macro   0x00008827      0x341 src/drivers/Outputs/LED/LED_driver.o
 .debug_macro   0x00008b68      0x37d src/test/testClass.o
 .debug_macro   0x00008ee5      0x1d2 src/ASF/common/services/clock/xmega/sysclk.o
 .debug_macro   0x000090b7      0x1a3 src/ASF/common/services/sleepmgr/xmega/sleepmgr.o
 .debug_macro   0x0000925a      0x16d src/ASF/common/utils/stdio/read.o
 .debug_macro   0x000093c7      0x16d src/ASF/common/utils/stdio/write.o
 .debug_macro   0x00009534      0x22f src/ASF/xmega/drivers/adc/adc.o
 .debug_macro   0x00009763      0x22f src/ASF/xmega/drivers/adc/xmega_aau/adc_aau.o
 .debug_macro   0x00009992      0x221 src/ASF/xmega/drivers/usart/usart.o
 .debug_macro   0x00009bb3      0x302 src/ASF/xmega/drivers/usart/usart.o
 .debug_macro   0x00009eb5      0x341 src/drivers/ADC/ADC_init.o
 .debug_macro   0x0000a1f6      0x34a src/drivers/Temperature/getTemperature.o
 .debug_macro   0x0000a540      0x341 src/drivers/timerCounter/timer_counter_init.o
 .debug_macro   0x0000a881      0x337 src/drivers/uart/uart_comms.o
 .debug_macro   0x0000abb8      0x397 src/main.o
OUTPUT(TEAM2 ONE MONTH CODE.elf elf32-avr)
LOAD linker stubs

.BOOT           0x00020000        0x0
